[0/1] Re-running CMake...
-- std::exception_ptr is supported.
-- Turning off deprecation warning due to glog.
-- Current compiler supports avx2 extension. Will build perfkernels.
-- Current compiler supports avx512f extension. Will build fbgemm.
-- Building using own protobuf under third_party per request.
-- Use custom protobuf build.
-- 
-- 3.11.4.0
-- Caffe2 protobuf include directory: $<BUILD_INTERFACE:/home/chourdiaanjali/pytorch2/third_party/protobuf/src>$<INSTALL_INTERFACE:include>
-- Trying to find preferred BLAS backend of choice: MKL
-- MKL_THREADING = OMP
-- MKL libraries: /data/users/chourdiaanjali/miniconda3/envs/myenv2/lib/libmkl_intel_lp64.so;/data/users/chourdiaanjali/miniconda3/envs/myenv2/lib/libmkl_gnu_thread.so;/data/users/chourdiaanjali/miniconda3/envs/myenv2/lib/libmkl_core.so;-fopenmp;/usr/lib64/libpthread.so;/usr/lib64/libm.so;/usr/lib64/libdl.so
-- MKL include directory: /data/users/chourdiaanjali/miniconda3/envs/myenv2/include
-- MKL OpenMP type: GNU
-- MKL OpenMP library: -fopenmp
-- Found PythonInterp: /data/users/chourdiaanjali/miniconda3/envs/myenv2/bin/python (found version "3.6.9") 
-- Failed to find LLVM FileCheck
-- Using third party subdirectory Eigen.
-- Found PythonInterp: /data/users/chourdiaanjali/miniconda3/envs/myenv2/bin/python (found suitable version "3.6.9", minimum required is "3.0") 
-- Could NOT find pybind11 (missing: pybind11_DIR)
-- System pybind11 found
-- pybind11 include dirs: /home/chourdiaanjali/pytorch2/torch/include
-- Adding OpenMP CXX_FLAGS: -fopenmp
-- Will link against OpenMP libraries: /opt/rh/devtoolset-7/root/usr/lib/gcc/x86_64-redhat-linux/7/libgomp.so;/lib64/libpthread.so
-- Found CUDA: /usr/local/cuda (found version "9.2") 
-- Caffe2: CUDA detected: 9.2
-- Caffe2: CUDA nvcc is: /usr/local/cuda/bin/nvcc
-- Caffe2: CUDA toolkit directory: /usr/local/cuda
-- Caffe2: Header version is: 9.2
-- Found cuDNN: v7.1.2  (include: /usr/local/cuda/include, library: /usr/local/cuda/lib64/libcudnn.so)
-- Autodetected CUDA architecture(s):  5.2 5.2
-- Added CUDA NVCC flags for: -gencode;arch=compute_52,code=sm_52
-- Autodetected CUDA architecture(s):  5.2 5.2
-- Could NOT find CUB (missing: CUB_INCLUDE_DIR) 
-- Found CUDA: /usr/local/cuda (found suitable version "9.2", minimum required is "7.0") 
-- CUDA detected: 9.2
-- Could NOT find NCCL (missing: NCCL_INCLUDE_DIR NCCL_LIBRARY) 
-- 
-- ******** Summary ********
--   CMake version         : 3.14.0
--   CMake command         : /data/users/chourdiaanjali/miniconda3/envs/myenv2/bin/cmake
--   System                : Linux
--   C++ compiler          : /opt/rh/devtoolset-7/root/usr/bin/c++
--   C++ compiler version  : 7.3.1
--   CXX flags             :  -Wno-deprecated -fvisibility-inlines-hidden -fopenmp -Wnon-virtual-dtor
--   Build type            : Debug
--   Compile definitions   : TH_BLAS_MKL;ONNX_ML=1;ONNXIFI_ENABLE_EXT=1
--   CMAKE_PREFIX_PATH     : /data/users/chourdiaanjali/miniconda3/envs/myenv2/lib/python3.6/site-packages;/usr/local/cuda
--   CMAKE_INSTALL_PREFIX  : /home/chourdiaanjali/pytorch2/torch
--   CMAKE_MODULE_PATH     : /home/chourdiaanjali/pytorch2/cmake/Modules;/home/chourdiaanjali/pytorch2/cmake/public/../Modules_CUDA_fix
-- 
--   ONNX version          : 1.6.0
--   ONNX NAMESPACE        : onnx_torch
--   ONNX_BUILD_TESTS      : OFF
--   ONNX_BUILD_BENCHMARKS : OFF
--   ONNX_USE_LITE_PROTO   : OFF
--   ONNXIFI_DUMMY_BACKEND : OFF
--   ONNXIFI_ENABLE_EXT    : OFF
-- 
--   Protobuf compiler     : 
--   Protobuf includes     : 
--   Protobuf libraries    : 
--   BUILD_ONNX_PYTHON     : OFF
-- 
-- ******** Summary ********
--   CMake version         : 3.14.0
--   CMake command         : /data/users/chourdiaanjali/miniconda3/envs/myenv2/bin/cmake
--   System                : Linux
--   C++ compiler          : /opt/rh/devtoolset-7/root/usr/bin/c++
--   C++ compiler version  : 7.3.1
--   CXX flags             :  -Wno-deprecated -fvisibility-inlines-hidden -fopenmp -Wnon-virtual-dtor
--   Build type            : Debug
--   Compile definitions   : TH_BLAS_MKL;ONNX_ML=1;ONNXIFI_ENABLE_EXT=1
--   CMAKE_PREFIX_PATH     : /data/users/chourdiaanjali/miniconda3/envs/myenv2/lib/python3.6/site-packages;/usr/local/cuda
--   CMAKE_INSTALL_PREFIX  : /home/chourdiaanjali/pytorch2/torch
--   CMAKE_MODULE_PATH     : /home/chourdiaanjali/pytorch2/cmake/Modules;/home/chourdiaanjali/pytorch2/cmake/public/../Modules_CUDA_fix
-- 
--   ONNX version          : 1.4.1
--   ONNX NAMESPACE        : onnx_torch
--   ONNX_BUILD_TESTS      : OFF
--   ONNX_BUILD_BENCHMARKS : OFF
--   ONNX_USE_LITE_PROTO   : OFF
--   ONNXIFI_DUMMY_BACKEND : OFF
-- 
--   Protobuf compiler     : 
--   Protobuf includes     : 
--   Protobuf libraries    : 
--   BUILD_ONNX_PYTHON     : OFF
-- Found CUDA with FP16 support, compiling with torch.cuda.HalfTensor
-- Removing -DNDEBUG from compile flags
-- MAGMA not found. Compiling without MAGMA support
-- Could not find hardware support for NEON on this machine.
-- No OMAP3 processor on this machine.
-- No OMAP4 processor on this machine.
-- AVX compiler support found
-- AVX2 compiler support found
-- Found a library with BLAS API (mkl).
-- Found a library with LAPACK API (mkl).
-- MIOpen not found. Compiling without MIOpen support
-- Version: 6.2.0
-- Build type: Debug
-- CXX_STANDARD: 14
-- Required features: cxx_variadic_templates
-- GCC 7.3.1: Adding gcc and gcc_s libs to link line
-- don't use NUMA
-- Configuring build for SLEEF-v3.4.0
-- Using option `-Wall -Wno-unused -Wno-attributes -Wno-unused-result -Wno-psabi -ffp-contract=off -fno-math-errno -fno-trapping-math` to compile libsleef
-- Building shared libs : OFF
-- MPFR : /usr/lib64/libmpfr.so
-- MPFR header file in /usr/include
-- GMP : /usr/lib64/libgmp.so
-- RT : /usr/lib64/librt.so
-- FFTW3 : LIBFFTW3-NOTFOUND
-- OPENSSL : 1.0.2k
-- SDE : SDE_COMMAND-NOTFOUND
-- RUNNING_ON_TRAVIS : 0
-- COMPILER_SUPPORTS_OPENMP : 1
-- Include NCCL operators
-- Excluding FakeLowP operators
-- Excluding ideep operators as we are not using ideep
-- Excluding image processing operators due to no opencv
-- Excluding video processing operators due to no opencv
-- MPI operators skipped due to no MPI support
-- Include Observer library
-- /opt/rh/devtoolset-7/root/usr/bin/c++ /home/chourdiaanjali/pytorch2/caffe2/../torch/abi-check.cpp -o /home/chourdiaanjali/pytorch2/build/abi-check
-- Determined _GLIBCXX_USE_CXX11_ABI=0
-- pytorch is compiling with OpenMP. 
OpenMP CXX_FLAGS: -fopenmp. 
OpenMP libraries: /opt/rh/devtoolset-7/root/usr/lib/gcc/x86_64-redhat-linux/7/libgomp.so;/lib64/libpthread.so.
-- Caffe2 is compiling with OpenMP. 
OpenMP CXX_FLAGS: -fopenmp. 
OpenMP libraries: /opt/rh/devtoolset-7/root/usr/lib/gcc/x86_64-redhat-linux/7/libgomp.so;/lib64/libpthread.so.
-- Using ATen parallel backend: OMP
-- Using lib/python3.6/site-packages as python relative installation path
-- 
-- ******** Summary ********
-- General:
--   CMake version         : 3.14.0
--   CMake command         : /data/users/chourdiaanjali/miniconda3/envs/myenv2/bin/cmake
--   System                : Linux
--   C++ compiler          : /opt/rh/devtoolset-7/root/usr/bin/c++
--   C++ compiler id       : GNU
--   C++ compiler version  : 7.3.1
--   BLAS                  : MKL
--   CXX flags             :  -Wno-deprecated -fvisibility-inlines-hidden -fopenmp -DUSE_FBGEMM -DUSE_QNNPACK -DUSE_PYTORCH_QNNPACK -DUSE_XNNPACK -DUSE_INTERNAL_THREADPOOL_IMPL -O2 -fPIC -Wno-narrowing -Wall -Wextra -Werror=return-type -Wno-missing-field-initializers -Wno-type-limits -Wno-array-bounds -Wno-unknown-pragmas -Wno-sign-compare -Wno-unused-parameter -Wno-unused-variable -Wno-unused-function -Wno-unused-result -Wno-strict-overflow -Wno-strict-aliasing -Wno-error=deprecated-declarations -Wno-stringop-overflow -Wno-error=pedantic -Wno-error=redundant-decls -Wno-error=old-style-cast -fdiagnostics-color=always -faligned-new -Wno-unused-but-set-variable -Wno-maybe-uninitialized -fno-math-errno -fno-trapping-math -Werror=format -Wno-stringop-overflow
--   Build type            : Debug
--   Compile definitions   : TH_BLAS_MKL;ONNX_ML=1;ONNXIFI_ENABLE_EXT=1;ONNX_NAMESPACE=onnx_torch;HAVE_MMAP=1;_FILE_OFFSET_BITS=64;HAVE_SHM_OPEN=1;HAVE_SHM_UNLINK=1;HAVE_MALLOC_USABLE_SIZE=1;MINIZ_DISABLE_ZIP_READER_CRC32_CHECKS
--   CMAKE_PREFIX_PATH     : /data/users/chourdiaanjali/miniconda3/envs/myenv2/lib/python3.6/site-packages;/usr/local/cuda
--   CMAKE_INSTALL_PREFIX  : /home/chourdiaanjali/pytorch2/torch
-- 
--   TORCH_VERSION         : 1.6.0
--   CAFFE2_VERSION        : 1.6.0
--   BUILD_CAFFE2_MOBILE   : OFF
--   USE_STATIC_DISPATCH   : OFF
--   BUILD_BINARY          : OFF
--   BUILD_CUSTOM_PROTOBUF : ON
--     Link local protobuf : ON
--   BUILD_DOCS            : OFF
--   BUILD_PYTHON          : True
--     Python version      : 3.6.9
--     Python executable   : /data/users/chourdiaanjali/miniconda3/envs/myenv2/bin/python
--     Pythonlibs version  : 3.6.9
--     Python library      : /data/users/chourdiaanjali/miniconda3/envs/myenv2/lib/libpython3.6m.so.1.0
--     Python includes     : /data/users/chourdiaanjali/miniconda3/envs/myenv2/include/python3.6m
--     Python site-packages: lib/python3.6/site-packages
--   BUILD_CAFFE2_OPS      : ON
--   BUILD_SHARED_LIBS     : ON
--   BUILD_TEST            : True
--   BUILD_JNI             : OFF
--   INTERN_BUILD_MOBILE   : 
--   USE_ASAN              : OFF
--   USE_CUDA              : 1
--     CUDA static link    : OFF
--     USE_CUDNN           : ON
--     CUDA version        : 9.2
--     cuDNN version       : 7.1.2
--     CUDA root directory : /usr/local/cuda
--     CUDA library        : /usr/local/cuda/lib64/stubs/libcuda.so
--     cudart library      : /usr/local/cuda/lib64/libcudart.so
--     cublas library      : /usr/local/cuda/lib64/libcublas.so
--     cufft library       : /usr/local/cuda/lib64/libcufft.so
--     curand library      : /usr/local/cuda/lib64/libcurand.so
--     cuDNN library       : /usr/local/cuda/lib64/libcudnn.so
--     nvrtc               : /usr/local/cuda/lib64/libnvrtc.so
--     CUDA include path   : /usr/local/cuda/include
--     NVCC executable     : /usr/local/cuda/bin/nvcc
--     NVCC flags          : -DONNX_NAMESPACE=onnx_torch;-gencode;arch=compute_52,code=sm_52;-Xcudafe;--diag_suppress=cc_clobber_ignored;-Xcudafe;--diag_suppress=integer_sign_change;-Xcudafe;--diag_suppress=useless_using_declaration;-Xcudafe;--diag_suppress=set_but_not_used;-Xcudafe;--diag_suppress=field_without_dll_interface;-Xcudafe;--diag_suppress=base_class_has_different_dll_interface;-Xcudafe;--diag_suppress=dll_interface_conflict_none_assumed;-Xcudafe;--diag_suppress=dll_interface_conflict_dllexport_assumed;-Xcudafe;--diag_suppress=implicit_return_from_non_void_function;-Xcudafe;--diag_suppress=unsigned_compare_with_zero;-Xcudafe;--diag_suppress=declared_but_not_referenced;-Xcudafe;--diag_suppress=bad_friend_decl;-std=c++14;-Xcompiler;-fPIC;--expt-relaxed-constexpr;--expt-extended-lambda;-Wno-deprecated-gpu-targets;--expt-extended-lambda;-gencode;arch=compute_52,code=sm_52;-Xcompiler;-fPIC;-DCUDA_HAS_FP16=1;-D__CUDA_NO_HALF_OPERATORS__;-D__CUDA_NO_HALF_CONVERSIONS__;-D__CUDA_NO_HALF2_OPERATORS__
--     CUDA host compiler  : /opt/rh/devtoolset-7/root/usr/bin/cc
--     NVCC --device-c     : OFF
--     USE_TENSORRT        : OFF
--   USE_ROCM              : OFF
--   USE_EIGEN_FOR_BLAS    : 
--   USE_FBGEMM            : ON
--     USE_FAKELOWP          : OFF
--   USE_FFMPEG            : OFF
--   USE_GFLAGS            : OFF
--   USE_GLOG              : OFF
--   USE_LEVELDB           : OFF
--   USE_LITE_PROTO        : OFF
--   USE_LMDB              : OFF
--   USE_METAL             : OFF
--   USE_MKL               : ON
--   USE_MKLDNN            : 0
--   USE_NCCL              : ON
--     USE_SYSTEM_NCCL     : OFF
--   USE_NNPACK            : 0
--   USE_NUMPY             : ON
--   USE_OBSERVERS         : ON
--   USE_OPENCL            : OFF
--   USE_OPENCV            : OFF
--   USE_OPENMP            : ON
--   USE_TBB               : OFF
--   USE_PROF              : OFF
--   USE_QNNPACK           : ON
--   USE_PYTORCH_QNNPACK   : ON
--   USE_REDIS             : OFF
--   USE_ROCKSDB           : OFF
--   USE_ZMQ               : OFF
--   USE_DISTRIBUTED       : ON
--     USE_MPI             : OFF
--     USE_GLOO            : ON
--   Public Dependencies  : Threads::Threads;caffe2::mkl
--   Private Dependencies : cpuinfo;qnnpack;pytorch_qnnpack;XNNPACK;fbgemm;fp16;gloo;aten_op_header_gen;foxi_loader;rt;fmt::fmt-header-only;gcc_s;gcc;dl
-- Configuring done
-- Generating done
-- Build files have been written to: /home/chourdiaanjali/pytorch2/build
[1/246] Building CXX object caffe2/CMakeFiles/torch.dir/__/empty.cpp.o
[2/246] Building CXX object caffe2/CMakeFiles/torch_cuda.dir/__/aten/src/THC/THCCachingHostAllocator.cpp.o
[3/246] Building CXX object caffe2/CMakeFiles/torch_cuda.dir/__/aten/src/ATen/cuda/PinnedMemoryAllocator.cpp.o
[4/246] Building CXX object caffe2/CMakeFiles/torch_cuda.dir/__/aten/src/ATen/native/cudnn/LossCTC.cpp.o
[5/246] Building CXX object caffe2/CMakeFiles/torch_cuda.dir/__/aten/src/THC/THCGeneral.cpp.o
[6/246] Building CXX object caffe2/CMakeFiles/torch_cuda.dir/__/aten/src/ATen/native/cuda/TensorShapeCUDA.cpp.o
[7/246] Building CXX object caffe2/CMakeFiles/cuda_cudnn_test.dir/__/aten/src/ATen/test/cuda_cudnn_test.cpp.o
[8/246] Building CXX object caffe2/CMakeFiles/torch_cuda.dir/__/torch/csrc/cuda/nccl.cpp.o
../torch/csrc/cuda/nccl.cpp: In function ‘ncclDataType_t torch::cuda::nccl::detail::get_data_type(const at::Tensor&)’:
../torch/csrc/cuda/nccl.cpp:75:14: warning: ‘at::DeprecatedTypeProperties& at::Tensor::type() const’ is deprecated: Tensor.type() is deprecated. Instead use Tensor.options(), which in many cases (e.g. in a constructor) is a drop-in replacement. If you were using data from type(), that is now available from Tensor itself, so instead of tensor.type().scalar_type(), use tensor.scalar_type() instead and instead of tensor.type().backend() use tensor.device(). [-Wdeprecated-declarations]
   if (t.type().backend() != Backend::CUDA) {
              ^
In file included from ../aten/src/ATen/Tensor.h:11:0,
                 from ../aten/src/ATen/Context.h:4,
                 from ../aten/src/ATen/ATen.h:5,
                 from ../torch/csrc/cuda/nccl.h:3,
                 from ../torch/csrc/cuda/nccl.cpp:1:
aten/src/ATen/core/TensorBody.h:267:30: note: declared here
   DeprecatedTypeProperties & type() const {
                              ^~~~
../torch/csrc/cuda/nccl.cpp: In function ‘void torch::cuda::nccl::detail::check_inputs(at::TensorList, at::TensorList, int, int)’:
../torch/csrc/cuda/nccl.cpp:119:30: warning: ‘at::DeprecatedTypeProperties& at::Tensor::type() const’ is deprecated: Tensor.type() is deprecated. Instead use Tensor.options(), which in many cases (e.g. in a constructor) is a drop-in replacement. If you were using data from type(), that is now available from Tensor itself, so instead of tensor.type().scalar_type(), use tensor.scalar_type() instead and instead of tensor.type().backend() use tensor.device(). [-Wdeprecated-declarations]
   auto type = inputs[0].type();
                              ^
In file included from ../aten/src/ATen/Tensor.h:11:0,
                 from ../aten/src/ATen/Context.h:4,
                 from ../aten/src/ATen/ATen.h:5,
                 from ../torch/csrc/cuda/nccl.h:3,
                 from ../torch/csrc/cuda/nccl.cpp:1:
aten/src/ATen/core/TensorBody.h:267:30: note: declared here
   DeprecatedTypeProperties & type() const {
                              ^~~~
../torch/csrc/cuda/nccl.cpp:131:30: warning: ‘at::DeprecatedTypeProperties& at::Tensor::type() const’ is deprecated: Tensor.type() is deprecated. Instead use Tensor.options(), which in many cases (e.g. in a constructor) is a drop-in replacement. If you were using data from type(), that is now available from Tensor itself, so instead of tensor.type().scalar_type(), use tensor.scalar_type() instead and instead of tensor.type().backend() use tensor.device(). [-Wdeprecated-declarations]
     if (!(type == input.type() && type == output.type())) {
                              ^
In file included from ../aten/src/ATen/Tensor.h:11:0,
                 from ../aten/src/ATen/Context.h:4,
                 from ../aten/src/ATen/ATen.h:5,
                 from ../torch/csrc/cuda/nccl.h:3,
                 from ../torch/csrc/cuda/nccl.cpp:1:
aten/src/ATen/core/TensorBody.h:267:30: note: declared here
   DeprecatedTypeProperties & type() const {
                              ^~~~
../torch/csrc/cuda/nccl.cpp:131:55: warning: ‘at::DeprecatedTypeProperties& at::Tensor::type() const’ is deprecated: Tensor.type() is deprecated. Instead use Tensor.options(), which in many cases (e.g. in a constructor) is a drop-in replacement. If you were using data from type(), that is now available from Tensor itself, so instead of tensor.type().scalar_type(), use tensor.scalar_type() instead and instead of tensor.type().backend() use tensor.device(). [-Wdeprecated-declarations]
     if (!(type == input.type() && type == output.type())) {
                                                       ^
In file included from ../aten/src/ATen/Tensor.h:11:0,
                 from ../aten/src/ATen/Context.h:4,
                 from ../aten/src/ATen/ATen.h:5,
                 from ../torch/csrc/cuda/nccl.h:3,
                 from ../torch/csrc/cuda/nccl.cpp:1:
aten/src/ATen/core/TensorBody.h:267:30: note: declared here
   DeprecatedTypeProperties & type() const {
                              ^~~~
../torch/csrc/cuda/nccl.cpp: In function ‘bool torch::cuda::nccl::is_available(at::TensorList)’:
../torch/csrc/cuda/nccl.cpp:171:29: warning: ‘at::DeprecatedTypeProperties& at::Tensor::type() const’ is deprecated: Tensor.type() is deprecated. Instead use Tensor.options(), which in many cases (e.g. in a constructor) is a drop-in replacement. If you were using data from type(), that is now available from Tensor itself, so instead of tensor.type().scalar_type(), use tensor.scalar_type() instead and instead of tensor.type().backend() use tensor.device(). [-Wdeprecated-declarations]
     auto type = tensor.type();
                             ^
In file included from ../aten/src/ATen/Tensor.h:11:0,
                 from ../aten/src/ATen/Context.h:4,
                 from ../aten/src/ATen/ATen.h:5,
                 from ../torch/csrc/cuda/nccl.h:3,
                 from ../torch/csrc/cuda/nccl.cpp:1:
aten/src/ATen/core/TensorBody.h:267:30: note: declared here
   DeprecatedTypeProperties & type() const {
                              ^~~~
[9/246] Building CXX object caffe2/CMakeFiles/torch_cuda.dir/__/aten/src/ATen/cudnn/Descriptors.cpp.o
[10/246] Building CXX object caffe2/CMakeFiles/torch_cuda.dir/__/aten/src/THC/THCStorageCopy.cpp.o
[11/246] Building CXX object caffe2/CMakeFiles/torch_cuda.dir/__/aten/src/ATen/native/cudnn/GridSampler.cpp.o
[12/246] Building CXX object caffe2/CMakeFiles/torch_cuda.dir/__/aten/src/ATen/native/cudnn/AffineGridGenerator.cpp.o
[13/246] Building CXX object caffe2/CMakeFiles/torch_cuda.dir/__/aten/src/ATen/cuda/detail/CUDAHooks.cpp.o
[14/246] Building CXX object caffe2/CMakeFiles/torch_cuda.dir/__/aten/src/ATen/native/cudnn/BatchNorm.cpp.o
[15/246] Building CXX object caffe2/torch/CMakeFiles/torch_python.dir/csrc/distributed/c10d/ddp.cpp.o
In file included from ../torch/csrc/distributed/c10d/ddp.cpp:4:0:
../torch/csrc/utils/tensor_flatten.h: In member function ‘at::DeprecatedTypeProperties& torch::utils::TensorGroup::type()’:
../torch/csrc/utils/tensor_flatten.h:36:28: warning: ‘at::DeprecatedTypeProperties& at::Tensor::type() const’ is deprecated: Tensor.type() is deprecated. Instead use Tensor.options(), which in many cases (e.g. in a constructor) is a drop-in replacement. If you were using data from type(), that is now available from Tensor itself, so instead of tensor.type().scalar_type(), use tensor.scalar_type() instead and instead of tensor.type().backend() use tensor.device(). [-Wdeprecated-declarations]
     return tensors[0].type();
                            ^
In file included from ../aten/src/ATen/Tensor.h:11:0,
                 from ../aten/src/ATen/Context.h:4,
                 from ../aten/src/ATen/ATen.h:5,
                 from ../torch/lib/c10d/ProcessGroup.hpp:10,
                 from ../torch/csrc/distributed/c10d/ddp.h:3,
                 from ../torch/csrc/distributed/c10d/ddp.cpp:1:
aten/src/ATen/core/TensorBody.h:267:30: note: declared here
   DeprecatedTypeProperties & type() const {
                              ^~~~
[16/246] Building CXX object caffe2/CMakeFiles/torch_cuda.dir/__/torch/csrc/cuda/comm.cpp.o
In file included from ../torch/csrc/cuda/comm.cpp:4:0:
../torch/csrc/utils/tensor_flatten.h: In member function ‘at::DeprecatedTypeProperties& torch::utils::TensorGroup::type()’:
../torch/csrc/utils/tensor_flatten.h:36:28: warning: ‘at::DeprecatedTypeProperties& at::Tensor::type() const’ is deprecated: Tensor.type() is deprecated. Instead use Tensor.options(), which in many cases (e.g. in a constructor) is a drop-in replacement. If you were using data from type(), that is now available from Tensor itself, so instead of tensor.type().scalar_type(), use tensor.scalar_type() instead and instead of tensor.type().backend() use tensor.device(). [-Wdeprecated-declarations]
     return tensors[0].type();
                            ^
In file included from ../aten/src/ATen/Tensor.h:11:0,
                 from ../aten/src/ATen/Context.h:4,
                 from ../aten/src/ATen/ATen.h:5,
                 from ../torch/csrc/cuda/comm.h:3,
                 from ../torch/csrc/cuda/comm.cpp:1:
aten/src/ATen/core/TensorBody.h:267:30: note: declared here
   DeprecatedTypeProperties & type() const {
                              ^~~~
[17/246] Building CXX object caffe2/CMakeFiles/torch_cuda.dir/__/aten/src/THC/THCTensor.cpp.o
[18/246] Building CXX object caffe2/CMakeFiles/torch_cuda.dir/__/torch/csrc/jit/codegen/fuser/cuda/fused_kernel.cpp.o
[19/246] Building CXX object caffe2/CMakeFiles/torch_cuda.dir/__/aten/src/ATen/LegacyTHFunctionsCUDA.cpp.o
[20/246] Building CXX object caffe2/CMakeFiles/torch_cuda.dir/__/aten/src/ATen/native/cudnn/RNN.cpp.o
In file included from ../c10/core/Device.h:5:0,
                 from ../c10/core/Allocator.h:6,
                 from ../aten/src/ATen/ATen.h:3,
                 from ../aten/src/ATen/native/RNN.h:3,
                 from ../aten/src/ATen/native/cudnn/RNN.cpp:1:
../aten/src/ATen/native/cudnn/RNN.cpp: In function ‘void at::native::{anonymous}::_viewOrCopyParams(at::MatrixRef<at::Tensor>, at::MatrixRef<at::Tensor>, bool)’:
../aten/src/ATen/native/cudnn/RNN.cpp:541:36: warning: ‘at::DeprecatedTypeProperties& at::Tensor::type() const’ is deprecated: Tensor.type() is deprecated. Instead use Tensor.options(), which in many cases (e.g. in a constructor) is a drop-in replacement. If you were using data from type(), that is now available from Tensor itself, so instead of tensor.type().scalar_type(), use tensor.scalar_type() instead and instead of tensor.type().backend() use tensor.device(). [-Wdeprecated-declarations]
         AT_ASSERTM(param_from.type() == param_to.type(), "parameter types mismatch");
                                    ^
../c10/util/Exception.h:180:39: note: in definition of macro ‘C10_EXPAND_MSVC_WORKAROUND’
 #define C10_EXPAND_MSVC_WORKAROUND(x) x
                                       ^
../c10/util/Exception.h:199:34: note: in expansion of macro ‘C10_UNLIKELY’
 #define C10_UNLIKELY_OR_CONST(e) C10_UNLIKELY(e)
                                  ^~~~~~~~~~~~
../c10/util/Exception.h:236:7: note: in expansion of macro ‘C10_UNLIKELY_OR_CONST’
   if (C10_UNLIKELY_OR_CONST(!(cond))) {       \
       ^~~~~~~~~~~~~~~~~~~~~
../c10/util/Exception.h:429:32: note: in expansion of macro ‘TORCH_INTERNAL_ASSERT’
     C10_EXPAND_MSVC_WORKAROUND(TORCH_INTERNAL_ASSERT(cond, __VA_ARGS__));     \
                                ^~~~~~~~~~~~~~~~~~~~~
../aten/src/ATen/native/cudnn/RNN.cpp:541:9: note: in expansion of macro ‘AT_ASSERTM’
         AT_ASSERTM(param_from.type() == param_to.type(), "parameter types mismatch");
         ^
In file included from ../aten/src/ATen/Tensor.h:11:0,
                 from ../aten/src/ATen/Context.h:4,
                 from ../aten/src/ATen/ATen.h:5,
                 from ../aten/src/ATen/native/RNN.h:3,
                 from ../aten/src/ATen/native/cudnn/RNN.cpp:1:
aten/src/ATen/core/TensorBody.h:267:30: note: declared here
   DeprecatedTypeProperties & type() const {
                              ^~~~
In file included from ../c10/core/Device.h:5:0,
                 from ../c10/core/Allocator.h:6,
                 from ../aten/src/ATen/ATen.h:3,
                 from ../aten/src/ATen/native/RNN.h:3,
                 from ../aten/src/ATen/native/cudnn/RNN.cpp:1:
../aten/src/ATen/native/cudnn/RNN.cpp:541:55: warning: ‘at::DeprecatedTypeProperties& at::Tensor::type() const’ is deprecated: Tensor.type() is deprecated. Instead use Tensor.options(), which in many cases (e.g. in a constructor) is a drop-in replacement. If you were using data from type(), that is now available from Tensor itself, so instead of tensor.type().scalar_type(), use tensor.scalar_type() instead and instead of tensor.type().backend() use tensor.device(). [-Wdeprecated-declarations]
         AT_ASSERTM(param_from.type() == param_to.type(), "parameter types mismatch");
                                                       ^
../c10/util/Exception.h:180:39: note: in definition of macro ‘C10_EXPAND_MSVC_WORKAROUND’
 #define C10_EXPAND_MSVC_WORKAROUND(x) x
                                       ^
../c10/util/Exception.h:199:34: note: in expansion of macro ‘C10_UNLIKELY’
 #define C10_UNLIKELY_OR_CONST(e) C10_UNLIKELY(e)
                                  ^~~~~~~~~~~~
../c10/util/Exception.h:236:7: note: in expansion of macro ‘C10_UNLIKELY_OR_CONST’
   if (C10_UNLIKELY_OR_CONST(!(cond))) {       \
       ^~~~~~~~~~~~~~~~~~~~~
../c10/util/Exception.h:429:32: note: in expansion of macro ‘TORCH_INTERNAL_ASSERT’
     C10_EXPAND_MSVC_WORKAROUND(TORCH_INTERNAL_ASSERT(cond, __VA_ARGS__));     \
                                ^~~~~~~~~~~~~~~~~~~~~
../aten/src/ATen/native/cudnn/RNN.cpp:541:9: note: in expansion of macro ‘AT_ASSERTM’
         AT_ASSERTM(param_from.type() == param_to.type(), "parameter types mismatch");
         ^
In file included from ../aten/src/ATen/Tensor.h:11:0,
                 from ../aten/src/ATen/Context.h:4,
                 from ../aten/src/ATen/ATen.h:5,
                 from ../aten/src/ATen/native/RNN.h:3,
                 from ../aten/src/ATen/native/cudnn/RNN.cpp:1:
aten/src/ATen/core/TensorBody.h:267:30: note: declared here
   DeprecatedTypeProperties & type() const {
                              ^~~~
In file included from aten/src/ATen/core/TensorBody.h:5:0,
                 from ../aten/src/ATen/Tensor.h:11,
                 from ../aten/src/ATen/Context.h:4,
                 from ../aten/src/ATen/ATen.h:5,
                 from ../aten/src/ATen/native/RNN.h:3,
                 from ../aten/src/ATen/native/cudnn/RNN.cpp:1:
../aten/src/ATen/native/cudnn/RNN.cpp: In function ‘std::tuple<at::Tensor, at::Tensor, at::Tensor, std::vector<at::Tensor, std::allocator<at::Tensor> > > at::native::_cudnn_rnn_backward(const at::Tensor&, at::TensorList, int64_t, const at::Tensor&, const at::Tensor&, const at::Tensor&, const at::Tensor&, const at::Tensor&, const at::Tensor&, const at::Tensor&, int64_t, int64_t, int64_t, bool, double, bool, bool, c10::IntArrayRef, const at::Tensor&, const at::Tensor&, std::array<bool, 4>)’:
../c10/core/MemoryFormat.h:32:46: warning: ‘c10::MemoryFormat c10::get_contiguous_memory_format()’ is deprecated [-Wdeprecated-declarations]
 #define LEGACY_CONTIGUOUS_MEMORY_FORMAT c10::get_contiguous_memory_format()
                                              ^
../aten/src/ATen/native/cudnn/RNN.cpp:1063:87: note: in expansion of macro ‘LEGACY_CONTIGUOUS_MEMORY_FORMAT’
   auto grad_output = grad_output_r.defined() ? grad_output_r : at::zeros_like(output, LEGACY_CONTIGUOUS_MEMORY_FORMAT);
                                                                                       ^
../c10/core/MemoryFormat.h:34:36: note: declared here
 C10_DEPRECATED inline MemoryFormat get_contiguous_memory_format() {
                                    ^~~~~~~~~~~~~~~~~~~~~~~~~~~~
../c10/core/MemoryFormat.h:32:75: warning: ‘c10::MemoryFormat c10::get_contiguous_memory_format()’ is deprecated [-Wdeprecated-declarations]
 #define LEGACY_CONTIGUOUS_MEMORY_FORMAT c10::get_contiguous_memory_format()
                                                                           ^
../aten/src/ATen/native/cudnn/RNN.cpp:1063:87: note: in expansion of macro ‘LEGACY_CONTIGUOUS_MEMORY_FORMAT’
   auto grad_output = grad_output_r.defined() ? grad_output_r : at::zeros_like(output, LEGACY_CONTIGUOUS_MEMORY_FORMAT);
                                                                                       ^
../c10/core/MemoryFormat.h:34:36: note: declared here
 C10_DEPRECATED inline MemoryFormat get_contiguous_memory_format() {
                                    ^~~~~~~~~~~~~~~~~~~~~~~~~~~~
../c10/core/MemoryFormat.h:32:46: warning: ‘c10::MemoryFormat c10::get_contiguous_memory_format()’ is deprecated [-Wdeprecated-declarations]
 #define LEGACY_CONTIGUOUS_MEMORY_FORMAT c10::get_contiguous_memory_format()
                                              ^
../aten/src/ATen/native/cudnn/RNN.cpp:1064:71: note: in expansion of macro ‘LEGACY_CONTIGUOUS_MEMORY_FORMAT’
   auto grad_hy = grad_hy_r.defined() ? grad_hy_r : at::zeros_like(hx, LEGACY_CONTIGUOUS_MEMORY_FORMAT);
                                                                       ^
../c10/core/MemoryFormat.h:34:36: note: declared here
 C10_DEPRECATED inline MemoryFormat get_contiguous_memory_format() {
                                    ^~~~~~~~~~~~~~~~~~~~~~~~~~~~
../c10/core/MemoryFormat.h:32:75: warning: ‘c10::MemoryFormat c10::get_contiguous_memory_format()’ is deprecated [-Wdeprecated-declarations]
 #define LEGACY_CONTIGUOUS_MEMORY_FORMAT c10::get_contiguous_memory_format()
                                                                           ^
../aten/src/ATen/native/cudnn/RNN.cpp:1064:71: note: in expansion of macro ‘LEGACY_CONTIGUOUS_MEMORY_FORMAT’
   auto grad_hy = grad_hy_r.defined() ? grad_hy_r : at::zeros_like(hx, LEGACY_CONTIGUOUS_MEMORY_FORMAT);
                                                                       ^
../c10/core/MemoryFormat.h:34:36: note: declared here
 C10_DEPRECATED inline MemoryFormat get_contiguous_memory_format() {
                                    ^~~~~~~~~~~~~~~~~~~~~~~~~~~~
../c10/core/MemoryFormat.h:32:46: warning: ‘c10::MemoryFormat c10::get_contiguous_memory_format()’ is deprecated [-Wdeprecated-declarations]
 #define LEGACY_CONTIGUOUS_MEMORY_FORMAT c10::get_contiguous_memory_format()
                                              ^
../aten/src/ATen/native/cudnn/RNN.cpp:1065:87: note: in expansion of macro ‘LEGACY_CONTIGUOUS_MEMORY_FORMAT’
   auto grad_cy = cx.defined() ? (grad_cy_r.defined() ? grad_cy_r : at::zeros_like(cx, LEGACY_CONTIGUOUS_MEMORY_FORMAT)) : grad_cy_r;
                                                                                       ^
../c10/core/MemoryFormat.h:34:36: note: declared here
 C10_DEPRECATED inline MemoryFormat get_contiguous_memory_format() {
                                    ^~~~~~~~~~~~~~~~~~~~~~~~~~~~
../c10/core/MemoryFormat.h:32:75: warning: ‘c10::MemoryFormat c10::get_contiguous_memory_format()’ is deprecated [-Wdeprecated-declarations]
 #define LEGACY_CONTIGUOUS_MEMORY_FORMAT c10::get_contiguous_memory_format()
                                                                           ^
../aten/src/ATen/native/cudnn/RNN.cpp:1065:87: note: in expansion of macro ‘LEGACY_CONTIGUOUS_MEMORY_FORMAT’
   auto grad_cy = cx.defined() ? (grad_cy_r.defined() ? grad_cy_r : at::zeros_like(cx, LEGACY_CONTIGUOUS_MEMORY_FORMAT)) : grad_cy_r;
                                                                                       ^
../c10/core/MemoryFormat.h:34:36: note: declared here
 C10_DEPRECATED inline MemoryFormat get_contiguous_memory_format() {
                                    ^~~~~~~~~~~~~~~~~~~~~~~~~~~~
[21/246] Building CXX object caffe2/CMakeFiles/torch_cuda.dir/__/aten/src/ATen/native/cudnn/Conv.cpp.o
In file included from aten/src/ATen/core/TensorBody.h:5:0,
                 from ../aten/src/ATen/Tensor.h:11,
                 from ../aten/src/ATen/Context.h:4,
                 from ../aten/src/ATen/ATen.h:5,
                 from ../aten/src/ATen/native/cudnn/Conv.cpp:4:
../aten/src/ATen/native/cudnn/Conv.cpp: In function ‘std::tuple<at::Tensor, at::Tensor> at::native::cudnn_convolution_backward(const at::Tensor&, const at::Tensor&, const at::Tensor&, c10::IntArrayRef, c10::IntArrayRef, c10::IntArrayRef, int64_t, bool, bool, std::array<bool, 2>)’:
../c10/core/MemoryFormat.h:32:46: warning: ‘c10::MemoryFormat c10::get_contiguous_memory_format()’ is deprecated [-Wdeprecated-declarations]
 #define LEGACY_CONTIGUOUS_MEMORY_FORMAT c10::get_contiguous_memory_format()
                                              ^
../aten/src/ATen/native/cudnn/Conv.cpp:1073:42: note: in expansion of macro ‘LEGACY_CONTIGUOUS_MEMORY_FORMAT’
       grad_input = at::empty_like(input, LEGACY_CONTIGUOUS_MEMORY_FORMAT);
                                          ^
../c10/core/MemoryFormat.h:34:36: note: declared here
 C10_DEPRECATED inline MemoryFormat get_contiguous_memory_format() {
                                    ^~~~~~~~~~~~~~~~~~~~~~~~~~~~
../c10/core/MemoryFormat.h:32:75: warning: ‘c10::MemoryFormat c10::get_contiguous_memory_format()’ is deprecated [-Wdeprecated-declarations]
 #define LEGACY_CONTIGUOUS_MEMORY_FORMAT c10::get_contiguous_memory_format()
                                                                           ^
../aten/src/ATen/native/cudnn/Conv.cpp:1073:42: note: in expansion of macro ‘LEGACY_CONTIGUOUS_MEMORY_FORMAT’
       grad_input = at::empty_like(input, LEGACY_CONTIGUOUS_MEMORY_FORMAT);
                                          ^
../c10/core/MemoryFormat.h:34:36: note: declared here
 C10_DEPRECATED inline MemoryFormat get_contiguous_memory_format() {
                                    ^~~~~~~~~~~~~~~~~~~~~~~~~~~~
../c10/core/MemoryFormat.h:32:46: warning: ‘c10::MemoryFormat c10::get_contiguous_memory_format()’ is deprecated [-Wdeprecated-declarations]
 #define LEGACY_CONTIGUOUS_MEMORY_FORMAT c10::get_contiguous_memory_format()
                                              ^
../aten/src/ATen/native/cudnn/Conv.cpp:1076:44: note: in expansion of macro ‘LEGACY_CONTIGUOUS_MEMORY_FORMAT’
       grad_weight = at::zeros_like(weight, LEGACY_CONTIGUOUS_MEMORY_FORMAT);
                                            ^
../c10/core/MemoryFormat.h:34:36: note: declared here
 C10_DEPRECATED inline MemoryFormat get_contiguous_memory_format() {
                                    ^~~~~~~~~~~~~~~~~~~~~~~~~~~~
../c10/core/MemoryFormat.h:32:75: warning: ‘c10::MemoryFormat c10::get_contiguous_memory_format()’ is deprecated [-Wdeprecated-declarations]
 #define LEGACY_CONTIGUOUS_MEMORY_FORMAT c10::get_contiguous_memory_format()
                                                                           ^
../aten/src/ATen/native/cudnn/Conv.cpp:1076:44: note: in expansion of macro ‘LEGACY_CONTIGUOUS_MEMORY_FORMAT’
       grad_weight = at::zeros_like(weight, LEGACY_CONTIGUOUS_MEMORY_FORMAT);
                                            ^
../c10/core/MemoryFormat.h:34:36: note: declared here
 C10_DEPRECATED inline MemoryFormat get_contiguous_memory_format() {
                                    ^~~~~~~~~~~~~~~~~~~~~~~~~~~~
[22/246] Building CXX object caffe2/lib_c10d/CMakeFiles/c10d.dir/ProcessGroupNCCL.cpp.o
[23/246] Building CXX object caffe2/torch/CMakeFiles/torch_python.dir/csrc/cuda/utils.cpp.o
[24/246] Building CXX object caffe2/torch/CMakeFiles/torch_python.dir/csrc/DynamicTypes.cpp.o
[25/246] Building CXX object caffe2/torch/CMakeFiles/torch_python.dir/csrc/cuda/serialization.cpp.o
[26/246] Building CXX object caffe2/torch/CMakeFiles/torch_python.dir/csrc/autograd/python_hook.cpp.o
[27/246] Building CXX object caffe2/torch/CMakeFiles/torch_python.dir/csrc/Exceptions.cpp.o
[28/246] Building CXX object caffe2/torch/CMakeFiles/torch_python.dir/csrc/cuda/python_nccl.cpp.o
[29/246] Building CXX object caffe2/torch/CMakeFiles/torch_python.dir/csrc/serialization.cpp.o
[30/246] Building CXX object caffe2/torch/CMakeFiles/torch_python.dir/csrc/utils.cpp.o
[31/246] Building CXX object caffe2/torch/CMakeFiles/torch_python.dir/csrc/Module.cpp.o
[32/246] Building CXX object caffe2/torch/CMakeFiles/torch_python.dir/csrc/cuda/Stream.cpp.o
[33/246] Building CXX object caffe2/torch/CMakeFiles/torch_python.dir/csrc/cuda/Event.cpp.o
[34/246] Building CXX object caffe2/torch/CMakeFiles/torch_python.dir/csrc/autograd/python_function.cpp.o
[35/246] Building CXX object caffe2/torch/CMakeFiles/torch_python.dir/csrc/autograd/python_engine.cpp.o
[36/246] Building CXX object caffe2/torch/CMakeFiles/torch_python.dir/csrc/utils/tensor_numpy.cpp.o
[37/246] Building CXX object caffe2/torch/CMakeFiles/torch_python.dir/csrc/cuda/python_comm.cpp.o
[38/246] Building CXX object caffe2/torch/CMakeFiles/torch_python.dir/csrc/jit/python/python_arg_flatten.cpp.o
[39/246] Building CXX object caffe2/torch/CMakeFiles/torch_python.dir/csrc/cuda/Module.cpp.o
[40/246] Building CXX object caffe2/torch/CMakeFiles/torch_python.dir/csrc/Generator.cpp.o
[41/246] Building CXX object caffe2/torch/CMakeFiles/torch_python.dir/csrc/autograd/python_variable.cpp.o
[42/246] Building CXX object caffe2/torch/CMakeFiles/torch_python.dir/csrc/jit/python/python_interpreter.cpp.o
[43/246] Building CXX object caffe2/torch/CMakeFiles/torch_python.dir/csrc/cuda/Storage.cpp.o
[44/246] Building CXX object caffe2/torch/CMakeFiles/torch_python.dir/csrc/jit/python/python_tracer.cpp.o
[45/246] Building CXX object caffe2/torch/CMakeFiles/torch_python.dir/csrc/Storage.cpp.o
[46/246] Building CXX object caffe2/torch/CMakeFiles/torch_python.dir/csrc/autograd/generated/python_variable_methods.cpp.o
[47/246] Building CXX object caffe2/torch/CMakeFiles/torch_python.dir/csrc/jit/python/init.cpp.o
[48/246] Building CXX object caffe2/torch/CMakeFiles/torch_python.dir/csrc/jit/python/python_ir.cpp.o
[49/246] Building CXX object caffe2/torch/CMakeFiles/torch_python.dir/csrc/jit/python/script_init.cpp.o
[50/246] Linking CXX shared library lib/libtorch_cuda.so
[51/246] Linking CXX shared library lib/libtorch.so
[52/246] Linking CXX executable bin/thread_init_test
[53/246] Linking CXX executable bin/cuda_stream_test
[54/246] Linking CXX executable bin/cuda_apply_test
[55/246] Linking CXX executable bin/cuda_cudnn_test
[56/246] Linking CXX executable bin/math_gpu_test
[57/246] Linking CXX executable bin/blob_gpu_test
[58/246] Linking CXX executable bin/utility_ops_gpu_test
[59/246] Linking CXX executable bin/roi_align_op_gpu_test
[60/246] Linking CXX executable bin/ssa_test
[61/246] Linking CXX executable bin/operator_gpu_test
[62/246] Linking CXX executable bin/batch_matmul_op_gpu_test
[63/246] Linking CXX executable bin/elementwise_op_gpu_test
[64/246] Linking CXX executable bin/weakref_test
[65/246] Linking CXX executable bin/dead_code_elim_test
[66/246] Linking CXX executable bin/net_gpu_test
[67/246] Linking CXX executable bin/reduce_ops_test
[68/246] Linking CXX executable bin/batch_permutation_op_gpu_test
[69/246] Linking CXX executable bin/NamedTensor_test
[70/246] Linking CXX executable bin/generate_proposals_op_util_nms_gpu_test
[71/246] Linking CXX executable bin/common_subexpression_elimination_test
[72/246] Linking CXX executable bin/generate_proposals_op_gpu_test
[73/246] Linking CXX executable bin/scalar_tensor_test
[74/246] Linking CXX executable bin/wrapdim_test
[75/246] Linking CXX executable bin/mobile_test
[76/246] Linking CXX executable bin/TopoSortTest
[77/246] Linking CXX executable bin/batch_matmul_op_test
[78/246] Linking CXX executable bin/SubgraphMatcherTest
[79/246] Linking CXX executable bin/split_slss_test
[80/246] Linking CXX executable bin/text_file_reader_utils_test
caffe2/CMakeFiles/text_file_reader_utils_test.dir/operators/text_file_reader_utils_test.cc.o: In function `caffe2::TextFileReaderUtilsTest_TokenizeTest_Test::TestBody()':
/home/chourdiaanjali/pytorch2/build/../caffe2/operators/text_file_reader_utils_test.cc:100: warning: the use of `tmpnam' is dangerous, better use `mkstemp'
[81/246] Linking CXX executable bin/device_test
[82/246] Linking CXX executable bin/NeuralNetTest
[83/246] Linking CXX executable bin/conv_transpose_op_mobile_test
[84/246] Linking CXX executable bin/conv_to_nnpack_transform_test
[85/246] Linking CXX executable bin/operator_schema_test
[86/246] Linking CXX executable bin/boolean_unmask_ops_test
[87/246] Linking CXX executable bin/type_test
[88/246] Linking CXX executable bin/utility_ops_test
[89/246] Linking CXX executable bin/generate_proposals_op_util_nms_test
[90/246] Linking CXX executable bin/depthwise3x3_conv_op_test
[91/246] Linking CXX executable bin/tensor_iterator_test
[92/246] Linking CXX executable bin/native_test
[93/246] Linking CXX executable bin/pattern_net_transform_test
[94/246] Linking CXX executable bin/List_test
[95/246] Linking CXX executable bin/kernel_lambda_legacy_test
[96/246] Linking CXX executable bin/TarjansImplTest
[97/246] Linking CXX executable bin/generate_proposals_op_test
[98/246] Linking CXX executable bin/converter_nomigraph_test
[99/246] Linking CXX executable bin/blob_test
caffe2/CMakeFiles/blob_test.dir/core/blob_test.cc.o: In function `caffe2::(anonymous namespace)::ContentChunks_Serialization_Test::TestBody()':
/home/chourdiaanjali/pytorch2/build/../caffe2/core/blob_test.cc:1001: warning: the use of `tmpnam' is dangerous, better use `mkstemp'
[100/246] Linking CXX executable bin/event_gpu_test
[101/246] Linking CXX executable bin/math_test
[102/246] Linking CXX executable bin/smart_tensor_printer_test
[103/246] Linking CXX executable bin/common_test
[104/246] Linking CXX executable bin/cpu_rng_test
[105/246] Linking CXX executable bin/int8_test
[106/246] Linking CXX executable bin/verify_api_visibility
[107/246] Linking CXX executable bin/reshape_op_gpu_test
[108/246] Linking CXX executable bin/bound_shape_inference_test
[109/246] Linking CXX executable bin/scalar_test
[110/246] Linking CXX executable bin/Dict_test
[111/246] Linking CXX executable bin/inline_container_test
[112/246] Linking CXX executable bin/half_float_ops_test
[113/246] Linking CXX executable bin/apply_utils_test
[114/246] Linking CXX executable bin/xla_tensor_test
[115/246] Linking CXX executable bin/half_test
[116/246] Linking CXX executable bin/net_async_tracing_test
[117/246] Linking CXX executable bin/pow_test
[118/246] Linking CXX executable bin/kernel_lambda_test
[119/246] Linking CXX executable bin/BinaryMatchImplTest
[120/246] Linking CXX executable bin/test_parallel
[121/246] Linking CXX executable bin/extension_backend_test
[122/246] Linking CXX executable bin/cpu_generator_test
[123/246] Linking CXX executable bin/graph_test
[124/246] Linking CXX executable bin/memory_format_test
[125/246] Linking CXX executable bin/complex_test
[126/246] Linking CXX executable bin/context_gpu_test
[127/246] Linking CXX executable bin/data_filler_test
[128/246] Linking CXX executable bin/Dimname_test
[129/246] Linking CXX executable bin/quantized_test
[130/246] Linking CXX executable bin/string_ops_test
[131/246] Linking CXX executable bin/undefined_tensor_test
[132/246] Linking CXX executable bin/cuda_tensor_interop_test
[133/246] Linking CXX executable bin/KernelFunction_test
[134/246] Linking CXX executable bin/ivalue_test
[135/246] Linking CXX executable bin/module_test
[136/246] Linking CXX executable bin/dlconvertor_test
[137/246] Linking CXX executable bin/TensorImpl_test
[138/246] Linking CXX executable bin/fatal_signal_asan_no_sig_test
[139/246] Linking CXX executable bin/atest
[140/246] Linking CXX executable bin/net_dag_utils_test
[141/246] Linking CXX executable bin/time_observer_test
[142/246] Linking CXX executable bin/basic
[143/246] Linking CXX executable bin/kernel_function_legacy_test
[144/246] Linking CXX executable bin/tensor_interop_test
[145/246] Linking CXX executable bin/cast_test
[146/246] Linking CXX executable bin/kernel_function_test
[147/246] Linking CXX shared module caffe2/python/caffe2_pybind11_state.cpython-36m-x86_64-linux-gnu.so
[148/246] Linking CXX executable bin/context_test
[149/246] Linking CXX executable bin/kernel_stackbased_test
[150/246] Linking CXX executable bin/event_test
[151/246] Linking CXX executable bin/backend_cutting_test
[152/246] Linking CXX executable bin/variant_test
[153/246] Linking CXX executable bin/predictor_test
[154/246] Linking CXX executable bin/init_test
[155/246] Linking CXX executable bin/timer_test
[156/246] Linking CXX executable bin/parallel_net_test
[157/246] Linking CXX executable bin/net_simple_refcount_test
[158/246] Linking CXX executable bin/make_boxed_from_unboxed_functor_test
[159/246] Linking CXX executable bin/simple_queue_test
[160/246] Linking CXX executable bin/net_test
[161/246] Linking CXX executable bin/cpuid_test
[162/246] Linking CXX executable bin/int8_roi_align_op_test
[163/246] Linking CXX executable bin/plan_executor_test
[164/246] Linking CXX executable bin/transform_test
[165/246] Linking CXX static library lib/libc10d.a
[166/246] Linking CXX executable bin/fixed_divisor_test
[167/246] Linking CXX executable bin/proto_utils_test
caffe2/CMakeFiles/proto_utils_test.dir/utils/proto_utils_test.cc.o: In function `caffe2::ProtoUtilsTest_SimpleReadWrite_Test::TestBody()':
/home/chourdiaanjali/pytorch2/build/../caffe2/utils/proto_utils_test.cc:27: warning: the use of `tmpnam' is dangerous, better use `mkstemp'
[168/246] Linking CXX executable bin/MatchTest
[169/246] Linking CXX executable bin/conv_op_cache_cudnn_test
[170/246] Linking CXX executable bin/GraphTest
[171/246] Linking CXX executable bin/workspace_test
[172/246] Linking CXX executable bin/memory_overlapping_test
[173/246] Linking CXX executable bin/generate_proposals_op_util_boxes_test
[174/246] Linking CXX executable bin/operator_fallback_gpu_test
[175/246] Linking CXX executable bin/broadcast_test
[176/246] Linking CXX executable bin/operator_test
[177/246] Linking CXX executable bin/AlgorithmsTest
[178/246] Linking CXX executable bin/elementwise_op_test
[179/246] Linking CXX executable bin/backend_fallback_test
[180/246] Linking CXX executable bin/distributed_test
[181/246] Linking CXX executable bin/stats_test
[182/246] Linking CXX executable bin/observer_test
[183/246] Linking CXX executable bin/op_registration_test
[184/246] Linking CXX executable bin/test_cpp_rpc
[185/246] Linking CXX executable bin/test_tensorexpr
[186/246] Linking CXX shared library lib/libshm.so
[187/246] Linking CXX executable bin/TCPStoreTest
[188/246] Linking CXX executable bin/test_dist_autograd
[189/246] Linking CXX shared library lib/libcaffe2_module_test_dynamic.so
[190/246] Linking CXX shared library lib/libcaffe2_observers.so
[191/246] Linking CXX executable bin/FileStoreTest
[192/246] Linking CXX executable bin/HashStoreTest
[193/246] Building NVCC (Device) object caffe2/CMakeFiles/cuda_complex_test.dir/__/aten/src/ATen/test/cuda_complex_test_generated_cuda_complex_test.cu.o
[194/246] Linking CXX executable bin/test_jit
[195/246] Linking CXX executable bin/torch_shm_manager
[196/246] Linking CXX executable bin/cuda_complex_test
[197/246] Linking CXX executable bin/test_api
[198/246] Building NVCC (Device) object caffe2/CMakeFiles/cuda_integer_divider_test.dir/__/aten/src/ATen/test/cuda_integer_divider_test_generated_cuda_integer_divider_test.cu.o
[199/246] Building NVCC (Device) object caffe2/lib_c10d/test/CMakeFiles/c10d_cuda_test.dir/c10d_cuda_test_generated_CUDATest.cu.o
[200/246] Linking CXX executable bin/cuda_integer_divider_test
[201/246] Linking CXX shared library lib/libc10d_cuda_test.so
[202/246] Linking CXX shared library lib/libtorch_python.so
[203/246] Building NVCC (Device) object modules/detectron/CMakeFiles/caffe2_detectron_ops_gpu.dir/caffe2_detectron_ops_gpu_generated_ps_roi_pool_op.cu.o
[204/246] Building NVCC (Device) object modules/detectron/CMakeFiles/caffe2_detectron_ops_gpu.dir/caffe2_detectron_ops_gpu_generated_smooth_l1_loss_op.cu.o
[205/246] Building NVCC (Device) object modules/detectron/CMakeFiles/caffe2_detectron_ops_gpu.dir/caffe2_detectron_ops_gpu_generated_sample_as_op.cu.o
[206/246] Building NVCC (Device) object modules/detectron/CMakeFiles/caffe2_detectron_ops_gpu.dir/caffe2_detectron_ops_gpu_generated_spatial_narrow_as_op.cu.o
[207/246] Building NVCC (Device) object modules/detectron/CMakeFiles/caffe2_detectron_ops_gpu.dir/caffe2_detectron_ops_gpu_generated_group_spatial_softmax_op.cu.o
[208/246] Building NVCC (Device) object modules/detectron/CMakeFiles/caffe2_detectron_ops_gpu.dir/caffe2_detectron_ops_gpu_generated_roi_pool_f_op.cu.o
[209/246] Building NVCC (Device) object modules/detectron/CMakeFiles/caffe2_detectron_ops_gpu.dir/caffe2_detectron_ops_gpu_generated_select_smooth_l1_loss_op.cu.o
[210/246] Building NVCC (Device) object modules/detectron/CMakeFiles/caffe2_detectron_ops_gpu.dir/caffe2_detectron_ops_gpu_generated_upsample_nearest_op.cu.o
[211/246] Building NVCC (Device) object modules/detectron/CMakeFiles/caffe2_detectron_ops_gpu.dir/caffe2_detectron_ops_gpu_generated_softmax_focal_loss_op.cu.o
[212/246] Building NVCC (Device) object caffe2/CMakeFiles/cuda_half_test.dir/__/aten/src/ATen/test/cuda_half_test_generated_cuda_half_test.cu.o
[213/246] Building NVCC (Device) object modules/detectron/CMakeFiles/caffe2_detectron_ops_gpu.dir/caffe2_detectron_ops_gpu_generated_sigmoid_cross_entropy_loss_op.cu.o
[214/246] Building NVCC (Device) object modules/detectron/CMakeFiles/caffe2_detectron_ops_gpu.dir/caffe2_detectron_ops_gpu_generated_sigmoid_focal_loss_op.cu.o
[215/246] Building CXX object caffe2/lib_c10d/test/CMakeFiles/ProcessGroupNCCLTest.dir/ProcessGroupNCCLTest.cpp.o
[216/246] Building NVCC (Device) object caffe2/CMakeFiles/cuda_vectorized_test.dir/__/aten/src/ATen/test/cuda_vectorized_test_generated_cuda_vectorized_test.cu.o
[217/246] Building NVCC (Device) object caffe2/CMakeFiles/cuda_optional_test.dir/__/aten/src/ATen/test/cuda_optional_test_generated_cuda_optional_test.cu.o
[218/246] Building CXX object caffe2/lib_c10d/test/CMakeFiles/ProcessGroupNCCLErrorsTest.dir/ProcessGroupNCCLErrorsTest.cpp.o
[219/246] Building NVCC (Device) object caffe2/CMakeFiles/cuda_packedtensoraccessor_test.dir/__/aten/src/ATen/test/cuda_packedtensoraccessor_test_generated_cuda_packedtensoraccessor_test.cu.o
[220/246] Building CXX object caffe2/lib_c10d/test/CMakeFiles/ProcessGroupGlooAsyncTest.dir/ProcessGroupGlooAsyncTest.cpp.o
[221/246] Building NVCC (Device) object caffe2/CMakeFiles/cuda_distributions_test.dir/__/aten/src/ATen/test/cuda_distributions_test_generated_cuda_distributions_test.cu.o
[222/246] Linking CXX executable bin/cuda_half_test
[223/246] Building NVCC (Device) object caffe2/CMakeFiles/cuda_generator_test.dir/__/aten/src/ATen/test/cuda_generator_test_generated_cuda_generator_test.cu.o
[224/246] Building CXX object caffe2/lib_c10d/test/CMakeFiles/ProcessGroupGlooTest.dir/ProcessGroupGlooTest.cpp.o
[225/246] Linking CXX executable bin/cuda_vectorized_test
[226/246] Linking CXX executable bin/ProcessGroupNCCLTest
[227/246] Linking CXX executable bin/cuda_optional_test
[228/246] Linking CXX executable bin/cuda_packedtensoraccessor_test
[229/246] Linking CXX executable bin/cuda_distributions_test
[230/246] Linking CXX executable bin/ProcessGroupNCCLErrorsTest
[231/246] Linking CXX executable bin/ProcessGroupGlooAsyncTest
[232/246] Linking CXX executable bin/cuda_generator_test
[233/246] Linking CXX executable bin/ProcessGroupGlooTest
[234/246] Building CXX object modules/detectron/CMakeFiles/caffe2_detectron_ops_gpu.dir/roi_pool_f_op.cc.o
[235/246] Building CXX object modules/detectron/CMakeFiles/caffe2_detectron_ops_gpu.dir/ps_roi_pool_op.cc.o
[236/246] Building CXX object modules/detectron/CMakeFiles/caffe2_detectron_ops_gpu.dir/spatial_narrow_as_op.cc.o
[237/246] Building CXX object modules/detectron/CMakeFiles/caffe2_detectron_ops_gpu.dir/smooth_l1_loss_op.cc.o
[238/246] Building CXX object modules/detectron/CMakeFiles/caffe2_detectron_ops_gpu.dir/sample_as_op.cc.o
[239/246] Building CXX object modules/detectron/CMakeFiles/caffe2_detectron_ops_gpu.dir/group_spatial_softmax_op.cc.o
[240/246] Building CXX object modules/detectron/CMakeFiles/caffe2_detectron_ops_gpu.dir/sigmoid_cross_entropy_loss_op.cc.o
[241/246] Building CXX object modules/detectron/CMakeFiles/caffe2_detectron_ops_gpu.dir/sigmoid_focal_loss_op.cc.o
[242/246] Building CXX object modules/detectron/CMakeFiles/caffe2_detectron_ops_gpu.dir/upsample_nearest_op.cc.o
[243/246] Building CXX object modules/detectron/CMakeFiles/caffe2_detectron_ops_gpu.dir/select_smooth_l1_loss_op.cc.o
[244/246] Building CXX object modules/detectron/CMakeFiles/caffe2_detectron_ops_gpu.dir/softmax_focal_loss_op.cc.o
[245/246] Linking CXX shared library lib/libcaffe2_detectron_ops_gpu.so
[245/246] Install the project...
-- Install configuration: "Debug"
-- Set runtime path of "/home/chourdiaanjali/pytorch2/torch/bin/protoc-3.11.4.0" to "$ORIGIN/../lib64"
-- Set runtime path of "/home/chourdiaanjali/pytorch2/torch/lib/libc10.so" to "$ORIGIN"
-- Set runtime path of "/home/chourdiaanjali/pytorch2/torch/test/c10_DeviceGuard_test" to "$ORIGIN"
-- Set runtime path of "/home/chourdiaanjali/pytorch2/torch/test/c10_DispatchKeySet_test" to "$ORIGIN"
-- Set runtime path of "/home/chourdiaanjali/pytorch2/torch/test/c10_StreamGuard_test" to "$ORIGIN"
-- Set runtime path of "/home/chourdiaanjali/pytorch2/torch/test/c10_InlineDeviceGuard_test" to "$ORIGIN"
-- Set runtime path of "/home/chourdiaanjali/pytorch2/torch/test/c10_InlineStreamGuard_test" to "$ORIGIN"
-- Set runtime path of "/home/chourdiaanjali/pytorch2/torch/test/c10_Array_test" to "$ORIGIN"
-- Set runtime path of "/home/chourdiaanjali/pytorch2/torch/test/c10_Bitset_test" to "$ORIGIN"
-- Set runtime path of "/home/chourdiaanjali/pytorch2/torch/test/c10_C++17_test" to "$ORIGIN"
-- Set runtime path of "/home/chourdiaanjali/pytorch2/torch/test/c10_ConstexprCrc_test" to "$ORIGIN"
-- Set runtime path of "/home/chourdiaanjali/pytorch2/torch/test/c10_Half_test" to "$ORIGIN"
-- Set runtime path of "/home/chourdiaanjali/pytorch2/torch/test/c10_LeftRight_test" to "$ORIGIN"
-- Set runtime path of "/home/chourdiaanjali/pytorch2/torch/test/c10_Metaprogramming_test" to "$ORIGIN"
-- Set runtime path of "/home/chourdiaanjali/pytorch2/torch/test/c10_TypeIndex_test" to "$ORIGIN"
-- Set runtime path of "/home/chourdiaanjali/pytorch2/torch/test/c10_TypeList_test" to "$ORIGIN"
-- Set runtime path of "/home/chourdiaanjali/pytorch2/torch/test/c10_TypeTraits_test" to "$ORIGIN"
-- Set runtime path of "/home/chourdiaanjali/pytorch2/torch/test/c10_bfloat16_test" to "$ORIGIN"
-- Set runtime path of "/home/chourdiaanjali/pytorch2/torch/test/c10_complex_test" to "$ORIGIN"
-- Set runtime path of "/home/chourdiaanjali/pytorch2/torch/test/c10_either_test" to "$ORIGIN"
-- Set runtime path of "/home/chourdiaanjali/pytorch2/torch/test/c10_exception_test" to "$ORIGIN"
-- Set runtime path of "/home/chourdiaanjali/pytorch2/torch/test/c10_flags_test" to "$ORIGIN"
-- Set runtime path of "/home/chourdiaanjali/pytorch2/torch/test/c10_intrusive_ptr_test" to "$ORIGIN"
-- Set runtime path of "/home/chourdiaanjali/pytorch2/torch/test/c10_logging_test" to "$ORIGIN"
-- Set runtime path of "/home/chourdiaanjali/pytorch2/torch/test/c10_ordered_preserving_dict_test" to "$ORIGIN"
-- Set runtime path of "/home/chourdiaanjali/pytorch2/torch/test/c10_registry_test" to "$ORIGIN"
-- Set runtime path of "/home/chourdiaanjali/pytorch2/torch/test/c10_string_view_test" to "$ORIGIN"
-- Set runtime path of "/home/chourdiaanjali/pytorch2/torch/test/c10_tempfile_test" to "$ORIGIN"
-- Set runtime path of "/home/chourdiaanjali/pytorch2/torch/test/c10_typeid_test" to "$ORIGIN"
-- Set runtime path of "/home/chourdiaanjali/pytorch2/torch/test/c10_intrusive_ptr_benchmark" to "$ORIGIN"
-- Set runtime path of "/home/chourdiaanjali/pytorch2/torch/lib/libc10_cuda.so" to "$ORIGIN:/usr/local/cuda/lib64"
-- Set runtime path of "/home/chourdiaanjali/pytorch2/torch/test/c10_cuda_CUDATest" to "$ORIGIN:/usr/local/cuda/lib64"
-- Set runtime path of "/home/chourdiaanjali/pytorch2/torch/lib/libtorch_cpu.so" to "$ORIGIN:/data/users/chourdiaanjali/miniconda3/envs/myenv2/lib:/usr/local/cuda/lib64"
-- Set runtime path of "/home/chourdiaanjali/pytorch2/torch/lib/libtorch_cuda.so" to "$ORIGIN:/usr/local/cuda/lib64:/data/users/chourdiaanjali/miniconda3/envs/myenv2/lib"
-- Set runtime path of "/home/chourdiaanjali/pytorch2/torch/lib/libtorch.so" to "$ORIGIN:/usr/local/cuda/lib64:/data/users/chourdiaanjali/miniconda3/envs/myenv2/lib"
-- Set runtime path of "/home/chourdiaanjali/pytorch2/torch/test/scalar_test" to "$ORIGIN:/usr/local/cuda/lib64:/data/users/chourdiaanjali/miniconda3/envs/myenv2/lib"
-- Set runtime path of "/home/chourdiaanjali/pytorch2/torch/test/apply_utils_test" to "$ORIGIN:/usr/local/cuda/lib64:/data/users/chourdiaanjali/miniconda3/envs/myenv2/lib"
-- Set runtime path of "/home/chourdiaanjali/pytorch2/torch/test/basic" to "$ORIGIN:/usr/local/cuda/lib64:/data/users/chourdiaanjali/miniconda3/envs/myenv2/lib"
-- Set runtime path of "/home/chourdiaanjali/pytorch2/torch/test/atest" to "$ORIGIN:/usr/local/cuda/lib64:/data/users/chourdiaanjali/miniconda3/envs/myenv2/lib"
-- Set runtime path of "/home/chourdiaanjali/pytorch2/torch/test/Dimname_test" to "$ORIGIN:/usr/local/cuda/lib64:/data/users/chourdiaanjali/miniconda3/envs/myenv2/lib"
-- Set runtime path of "/home/chourdiaanjali/pytorch2/torch/test/Dict_test" to "$ORIGIN:/usr/local/cuda/lib64:/data/users/chourdiaanjali/miniconda3/envs/myenv2/lib"
-- Set runtime path of "/home/chourdiaanjali/pytorch2/torch/test/NamedTensor_test" to "$ORIGIN:/usr/local/cuda/lib64:/data/users/chourdiaanjali/miniconda3/envs/myenv2/lib"
-- Set runtime path of "/home/chourdiaanjali/pytorch2/torch/test/half_test" to "$ORIGIN:/usr/local/cuda/lib64:/data/users/chourdiaanjali/miniconda3/envs/myenv2/lib"
-- Set runtime path of "/home/chourdiaanjali/pytorch2/torch/test/broadcast_test" to "$ORIGIN:/usr/local/cuda/lib64:/data/users/chourdiaanjali/miniconda3/envs/myenv2/lib"
-- Set runtime path of "/home/chourdiaanjali/pytorch2/torch/test/wrapdim_test" to "$ORIGIN:/usr/local/cuda/lib64:/data/users/chourdiaanjali/miniconda3/envs/myenv2/lib"
-- Set runtime path of "/home/chourdiaanjali/pytorch2/torch/test/dlconvertor_test" to "$ORIGIN:/usr/local/cuda/lib64:/data/users/chourdiaanjali/miniconda3/envs/myenv2/lib"
-- Set runtime path of "/home/chourdiaanjali/pytorch2/torch/test/native_test" to "$ORIGIN:/usr/local/cuda/lib64:/data/users/chourdiaanjali/miniconda3/envs/myenv2/lib"
-- Set runtime path of "/home/chourdiaanjali/pytorch2/torch/test/scalar_tensor_test" to "$ORIGIN:/usr/local/cuda/lib64:/data/users/chourdiaanjali/miniconda3/envs/myenv2/lib"
-- Set runtime path of "/home/chourdiaanjali/pytorch2/torch/test/tensor_interop_test" to "$ORIGIN:/usr/local/cuda/lib64:/data/users/chourdiaanjali/miniconda3/envs/myenv2/lib"
-- Set runtime path of "/home/chourdiaanjali/pytorch2/torch/test/test_parallel" to "$ORIGIN:/usr/local/cuda/lib64:/data/users/chourdiaanjali/miniconda3/envs/myenv2/lib"
-- Set runtime path of "/home/chourdiaanjali/pytorch2/torch/test/undefined_tensor_test" to "$ORIGIN:/usr/local/cuda/lib64:/data/users/chourdiaanjali/miniconda3/envs/myenv2/lib"
-- Set runtime path of "/home/chourdiaanjali/pytorch2/torch/test/verify_api_visibility" to "$ORIGIN:/usr/local/cuda/lib64:/data/users/chourdiaanjali/miniconda3/envs/myenv2/lib"
-- Set runtime path of "/home/chourdiaanjali/pytorch2/torch/test/thread_init_test" to "$ORIGIN:/usr/local/cuda/lib64:/data/users/chourdiaanjali/miniconda3/envs/myenv2/lib"
-- Set runtime path of "/home/chourdiaanjali/pytorch2/torch/test/weakref_test" to "$ORIGIN:/usr/local/cuda/lib64:/data/users/chourdiaanjali/miniconda3/envs/myenv2/lib"
-- Set runtime path of "/home/chourdiaanjali/pytorch2/torch/test/quantized_test" to "$ORIGIN:/usr/local/cuda/lib64:/data/users/chourdiaanjali/miniconda3/envs/myenv2/lib"
-- Set runtime path of "/home/chourdiaanjali/pytorch2/torch/test/extension_backend_test" to "$ORIGIN:/usr/local/cuda/lib64:/data/users/chourdiaanjali/miniconda3/envs/myenv2/lib"
-- Set runtime path of "/home/chourdiaanjali/pytorch2/torch/test/xla_tensor_test" to "$ORIGIN:/usr/local/cuda/lib64:/data/users/chourdiaanjali/miniconda3/envs/myenv2/lib"
-- Set runtime path of "/home/chourdiaanjali/pytorch2/torch/test/tensor_iterator_test" to "$ORIGIN:/usr/local/cuda/lib64:/data/users/chourdiaanjali/miniconda3/envs/myenv2/lib"
-- Set runtime path of "/home/chourdiaanjali/pytorch2/torch/test/memory_overlapping_test" to "$ORIGIN:/usr/local/cuda/lib64:/data/users/chourdiaanjali/miniconda3/envs/myenv2/lib"
-- Set runtime path of "/home/chourdiaanjali/pytorch2/torch/test/cpu_generator_test" to "$ORIGIN:/usr/local/cuda/lib64:/data/users/chourdiaanjali/miniconda3/envs/myenv2/lib"
-- Set runtime path of "/home/chourdiaanjali/pytorch2/torch/test/pow_test" to "$ORIGIN:/usr/local/cuda/lib64:/data/users/chourdiaanjali/miniconda3/envs/myenv2/lib"
-- Set runtime path of "/home/chourdiaanjali/pytorch2/torch/test/variant_test" to "$ORIGIN:/usr/local/cuda/lib64:/data/users/chourdiaanjali/miniconda3/envs/myenv2/lib"
-- Set runtime path of "/home/chourdiaanjali/pytorch2/torch/test/reduce_ops_test" to "$ORIGIN:/usr/local/cuda/lib64:/data/users/chourdiaanjali/miniconda3/envs/myenv2/lib"
-- Set runtime path of "/home/chourdiaanjali/pytorch2/torch/test/memory_format_test" to "$ORIGIN:/usr/local/cuda/lib64:/data/users/chourdiaanjali/miniconda3/envs/myenv2/lib"
-- Set runtime path of "/home/chourdiaanjali/pytorch2/torch/test/cpu_rng_test" to "$ORIGIN:/usr/local/cuda/lib64:/data/users/chourdiaanjali/miniconda3/envs/myenv2/lib"
-- Set runtime path of "/home/chourdiaanjali/pytorch2/torch/test/ivalue_test" to "$ORIGIN:/usr/local/cuda/lib64:/data/users/chourdiaanjali/miniconda3/envs/myenv2/lib"
-- Set runtime path of "/home/chourdiaanjali/pytorch2/torch/test/complex_test" to "$ORIGIN:/usr/local/cuda/lib64:/data/users/chourdiaanjali/miniconda3/envs/myenv2/lib"
-- Set runtime path of "/home/chourdiaanjali/pytorch2/torch/test/type_test" to "$ORIGIN:/usr/local/cuda/lib64:/data/users/chourdiaanjali/miniconda3/envs/myenv2/lib"
-- Set runtime path of "/home/chourdiaanjali/pytorch2/torch/test/List_test" to "$ORIGIN:/usr/local/cuda/lib64:/data/users/chourdiaanjali/miniconda3/envs/myenv2/lib"
-- Set runtime path of "/home/chourdiaanjali/pytorch2/torch/test/TensorImpl_test" to "$ORIGIN:/usr/local/cuda/lib64:/data/users/chourdiaanjali/miniconda3/envs/myenv2/lib"
-- Set runtime path of "/home/chourdiaanjali/pytorch2/torch/test/KernelFunction_test" to "$ORIGIN:/usr/local/cuda/lib64:/data/users/chourdiaanjali/miniconda3/envs/myenv2/lib"
-- Set runtime path of "/home/chourdiaanjali/pytorch2/torch/test/kernel_function_legacy_test" to "$ORIGIN:/usr/local/cuda/lib64:/data/users/chourdiaanjali/miniconda3/envs/myenv2/lib"
-- Set runtime path of "/home/chourdiaanjali/pytorch2/torch/test/kernel_function_test" to "$ORIGIN:/usr/local/cuda/lib64:/data/users/chourdiaanjali/miniconda3/envs/myenv2/lib"
-- Set runtime path of "/home/chourdiaanjali/pytorch2/torch/test/kernel_lambda_legacy_test" to "$ORIGIN:/usr/local/cuda/lib64:/data/users/chourdiaanjali/miniconda3/envs/myenv2/lib"
-- Set runtime path of "/home/chourdiaanjali/pytorch2/torch/test/kernel_lambda_test" to "$ORIGIN:/usr/local/cuda/lib64:/data/users/chourdiaanjali/miniconda3/envs/myenv2/lib"
-- Set runtime path of "/home/chourdiaanjali/pytorch2/torch/test/kernel_stackbased_test" to "$ORIGIN:/usr/local/cuda/lib64:/data/users/chourdiaanjali/miniconda3/envs/myenv2/lib"
-- Set runtime path of "/home/chourdiaanjali/pytorch2/torch/test/make_boxed_from_unboxed_functor_test" to "$ORIGIN:/usr/local/cuda/lib64:/data/users/chourdiaanjali/miniconda3/envs/myenv2/lib"
-- Set runtime path of "/home/chourdiaanjali/pytorch2/torch/test/backend_fallback_test" to "$ORIGIN:/usr/local/cuda/lib64:/data/users/chourdiaanjali/miniconda3/envs/myenv2/lib"
-- Set runtime path of "/home/chourdiaanjali/pytorch2/torch/test/op_registration_test" to "$ORIGIN:/usr/local/cuda/lib64:/data/users/chourdiaanjali/miniconda3/envs/myenv2/lib"
-- Set runtime path of "/home/chourdiaanjali/pytorch2/torch/test/blob_test" to "$ORIGIN:/usr/local/cuda/lib64:/data/users/chourdiaanjali/miniconda3/envs/myenv2/lib"
-- Set runtime path of "/home/chourdiaanjali/pytorch2/torch/test/common_test" to "$ORIGIN:/usr/local/cuda/lib64:/data/users/chourdiaanjali/miniconda3/envs/myenv2/lib"
-- Set runtime path of "/home/chourdiaanjali/pytorch2/torch/test/context_test" to "$ORIGIN:/usr/local/cuda/lib64:/data/users/chourdiaanjali/miniconda3/envs/myenv2/lib"
-- Set runtime path of "/home/chourdiaanjali/pytorch2/torch/test/event_test" to "$ORIGIN:/usr/local/cuda/lib64:/data/users/chourdiaanjali/miniconda3/envs/myenv2/lib"
-- Set runtime path of "/home/chourdiaanjali/pytorch2/torch/test/graph_test" to "$ORIGIN:/usr/local/cuda/lib64:/data/users/chourdiaanjali/miniconda3/envs/myenv2/lib"
-- Set runtime path of "/home/chourdiaanjali/pytorch2/torch/test/init_test" to "$ORIGIN:/usr/local/cuda/lib64:/data/users/chourdiaanjali/miniconda3/envs/myenv2/lib"
-- Set runtime path of "/home/chourdiaanjali/pytorch2/torch/test/module_test" to "$ORIGIN:/usr/local/cuda/lib64:/data/users/chourdiaanjali/miniconda3/envs/myenv2/lib"
-- Set runtime path of "/home/chourdiaanjali/pytorch2/torch/test/net_async_tracing_test" to "$ORIGIN:/usr/local/cuda/lib64:/data/users/chourdiaanjali/miniconda3/envs/myenv2/lib"
-- Set runtime path of "/home/chourdiaanjali/pytorch2/torch/test/net_dag_utils_test" to "$ORIGIN:/usr/local/cuda/lib64:/data/users/chourdiaanjali/miniconda3/envs/myenv2/lib"
-- Set runtime path of "/home/chourdiaanjali/pytorch2/torch/test/net_simple_refcount_test" to "$ORIGIN:/usr/local/cuda/lib64:/data/users/chourdiaanjali/miniconda3/envs/myenv2/lib"
-- Set runtime path of "/home/chourdiaanjali/pytorch2/torch/test/net_test" to "$ORIGIN:/usr/local/cuda/lib64:/data/users/chourdiaanjali/miniconda3/envs/myenv2/lib"
-- Set runtime path of "/home/chourdiaanjali/pytorch2/torch/test/observer_test" to "$ORIGIN:/usr/local/cuda/lib64:/data/users/chourdiaanjali/miniconda3/envs/myenv2/lib"
-- Set runtime path of "/home/chourdiaanjali/pytorch2/torch/test/operator_schema_test" to "$ORIGIN:/usr/local/cuda/lib64:/data/users/chourdiaanjali/miniconda3/envs/myenv2/lib"
-- Set runtime path of "/home/chourdiaanjali/pytorch2/torch/test/operator_test" to "$ORIGIN:/usr/local/cuda/lib64:/data/users/chourdiaanjali/miniconda3/envs/myenv2/lib"
-- Set runtime path of "/home/chourdiaanjali/pytorch2/torch/test/parallel_net_test" to "$ORIGIN:/usr/local/cuda/lib64:/data/users/chourdiaanjali/miniconda3/envs/myenv2/lib"
-- Set runtime path of "/home/chourdiaanjali/pytorch2/torch/test/plan_executor_test" to "$ORIGIN:/usr/local/cuda/lib64:/data/users/chourdiaanjali/miniconda3/envs/myenv2/lib"
-- Set runtime path of "/home/chourdiaanjali/pytorch2/torch/test/stats_test" to "$ORIGIN:/usr/local/cuda/lib64:/data/users/chourdiaanjali/miniconda3/envs/myenv2/lib"
-- Set runtime path of "/home/chourdiaanjali/pytorch2/torch/test/timer_test" to "$ORIGIN:/usr/local/cuda/lib64:/data/users/chourdiaanjali/miniconda3/envs/myenv2/lib"
-- Set runtime path of "/home/chourdiaanjali/pytorch2/torch/test/transform_test" to "$ORIGIN:/usr/local/cuda/lib64:/data/users/chourdiaanjali/miniconda3/envs/myenv2/lib"
-- Set runtime path of "/home/chourdiaanjali/pytorch2/torch/test/workspace_test" to "$ORIGIN:/usr/local/cuda/lib64:/data/users/chourdiaanjali/miniconda3/envs/myenv2/lib"
-- Set runtime path of "/home/chourdiaanjali/pytorch2/torch/test/inline_container_test" to "$ORIGIN:/usr/local/cuda/lib64:/data/users/chourdiaanjali/miniconda3/envs/myenv2/lib"
-- Set runtime path of "/home/chourdiaanjali/pytorch2/torch/test/fixed_divisor_test" to "$ORIGIN:/usr/local/cuda/lib64:/data/users/chourdiaanjali/miniconda3/envs/myenv2/lib"
-- Set runtime path of "/home/chourdiaanjali/pytorch2/torch/test/math_test" to "$ORIGIN:/usr/local/cuda/lib64:/data/users/chourdiaanjali/miniconda3/envs/myenv2/lib"
-- Set runtime path of "/home/chourdiaanjali/pytorch2/torch/test/fatal_signal_asan_no_sig_test" to "$ORIGIN:/usr/local/cuda/lib64:/data/users/chourdiaanjali/miniconda3/envs/myenv2/lib"
-- Set runtime path of "/home/chourdiaanjali/pytorch2/torch/test/simple_queue_test" to "$ORIGIN:/usr/local/cuda/lib64:/data/users/chourdiaanjali/miniconda3/envs/myenv2/lib"
-- Set runtime path of "/home/chourdiaanjali/pytorch2/torch/test/proto_utils_test" to "$ORIGIN:/usr/local/cuda/lib64:/data/users/chourdiaanjali/miniconda3/envs/myenv2/lib"
-- Set runtime path of "/home/chourdiaanjali/pytorch2/torch/test/cpuid_test" to "$ORIGIN:/usr/local/cuda/lib64:/data/users/chourdiaanjali/miniconda3/envs/myenv2/lib"
-- Set runtime path of "/home/chourdiaanjali/pytorch2/torch/test/smart_tensor_printer_test" to "$ORIGIN:/usr/local/cuda/lib64:/data/users/chourdiaanjali/miniconda3/envs/myenv2/lib"
-- Set runtime path of "/home/chourdiaanjali/pytorch2/torch/test/cast_test" to "$ORIGIN:/usr/local/cuda/lib64:/data/users/chourdiaanjali/miniconda3/envs/myenv2/lib"
-- Set runtime path of "/home/chourdiaanjali/pytorch2/torch/test/predictor_test" to "$ORIGIN:/usr/local/cuda/lib64:/data/users/chourdiaanjali/miniconda3/envs/myenv2/lib"
-- Set runtime path of "/home/chourdiaanjali/pytorch2/torch/test/data_filler_test" to "$ORIGIN:/usr/local/cuda/lib64:/data/users/chourdiaanjali/miniconda3/envs/myenv2/lib"
-- Set runtime path of "/home/chourdiaanjali/pytorch2/torch/test/AlgorithmsTest" to "$ORIGIN:/usr/local/cuda/lib64:/data/users/chourdiaanjali/miniconda3/envs/myenv2/lib"
-- Set runtime path of "/home/chourdiaanjali/pytorch2/torch/test/BinaryMatchImplTest" to "$ORIGIN:/usr/local/cuda/lib64:/data/users/chourdiaanjali/miniconda3/envs/myenv2/lib"
-- Set runtime path of "/home/chourdiaanjali/pytorch2/torch/test/GraphTest" to "$ORIGIN:/usr/local/cuda/lib64:/data/users/chourdiaanjali/miniconda3/envs/myenv2/lib"
-- Set runtime path of "/home/chourdiaanjali/pytorch2/torch/test/MatchTest" to "$ORIGIN:/usr/local/cuda/lib64:/data/users/chourdiaanjali/miniconda3/envs/myenv2/lib"
-- Set runtime path of "/home/chourdiaanjali/pytorch2/torch/test/NeuralNetTest" to "$ORIGIN:/usr/local/cuda/lib64:/data/users/chourdiaanjali/miniconda3/envs/myenv2/lib"
-- Set runtime path of "/home/chourdiaanjali/pytorch2/torch/test/SubgraphMatcherTest" to "$ORIGIN:/usr/local/cuda/lib64:/data/users/chourdiaanjali/miniconda3/envs/myenv2/lib"
-- Set runtime path of "/home/chourdiaanjali/pytorch2/torch/test/TarjansImplTest" to "$ORIGIN:/usr/local/cuda/lib64:/data/users/chourdiaanjali/miniconda3/envs/myenv2/lib"
-- Set runtime path of "/home/chourdiaanjali/pytorch2/torch/test/TopoSortTest" to "$ORIGIN:/usr/local/cuda/lib64:/data/users/chourdiaanjali/miniconda3/envs/myenv2/lib"
-- Set runtime path of "/home/chourdiaanjali/pytorch2/torch/test/time_observer_test" to "$ORIGIN:/usr/local/cuda/lib64:/data/users/chourdiaanjali/miniconda3/envs/myenv2/lib"
-- Set runtime path of "/home/chourdiaanjali/pytorch2/torch/test/ssa_test" to "$ORIGIN:/usr/local/cuda/lib64:/data/users/chourdiaanjali/miniconda3/envs/myenv2/lib"
-- Set runtime path of "/home/chourdiaanjali/pytorch2/torch/test/batch_matmul_op_test" to "$ORIGIN:/usr/local/cuda/lib64:/data/users/chourdiaanjali/miniconda3/envs/myenv2/lib"
-- Set runtime path of "/home/chourdiaanjali/pytorch2/torch/test/boolean_unmask_ops_test" to "$ORIGIN:/usr/local/cuda/lib64:/data/users/chourdiaanjali/miniconda3/envs/myenv2/lib"
-- Set runtime path of "/home/chourdiaanjali/pytorch2/torch/test/conv_transpose_op_mobile_test" to "$ORIGIN:/usr/local/cuda/lib64:/data/users/chourdiaanjali/miniconda3/envs/myenv2/lib"
-- Set runtime path of "/home/chourdiaanjali/pytorch2/torch/test/elementwise_op_test" to "$ORIGIN:/usr/local/cuda/lib64:/data/users/chourdiaanjali/miniconda3/envs/myenv2/lib"
-- Set runtime path of "/home/chourdiaanjali/pytorch2/torch/test/generate_proposals_op_test" to "$ORIGIN:/usr/local/cuda/lib64:/data/users/chourdiaanjali/miniconda3/envs/myenv2/lib"
-- Set runtime path of "/home/chourdiaanjali/pytorch2/torch/test/generate_proposals_op_util_boxes_test" to "$ORIGIN:/usr/local/cuda/lib64:/data/users/chourdiaanjali/miniconda3/envs/myenv2/lib"
-- Set runtime path of "/home/chourdiaanjali/pytorch2/torch/test/generate_proposals_op_util_nms_test" to "$ORIGIN:/usr/local/cuda/lib64:/data/users/chourdiaanjali/miniconda3/envs/myenv2/lib"
-- Set runtime path of "/home/chourdiaanjali/pytorch2/torch/test/half_float_ops_test" to "$ORIGIN:/usr/local/cuda/lib64:/data/users/chourdiaanjali/miniconda3/envs/myenv2/lib"
-- Set runtime path of "/home/chourdiaanjali/pytorch2/torch/test/string_ops_test" to "$ORIGIN:/usr/local/cuda/lib64:/data/users/chourdiaanjali/miniconda3/envs/myenv2/lib"
-- Set runtime path of "/home/chourdiaanjali/pytorch2/torch/test/text_file_reader_utils_test" to "$ORIGIN:/usr/local/cuda/lib64:/data/users/chourdiaanjali/miniconda3/envs/myenv2/lib"
-- Set runtime path of "/home/chourdiaanjali/pytorch2/torch/test/utility_ops_test" to "$ORIGIN:/usr/local/cuda/lib64:/data/users/chourdiaanjali/miniconda3/envs/myenv2/lib"
-- Set runtime path of "/home/chourdiaanjali/pytorch2/torch/test/int8_test" to "$ORIGIN:/usr/local/cuda/lib64:/data/users/chourdiaanjali/miniconda3/envs/myenv2/lib"
-- Set runtime path of "/home/chourdiaanjali/pytorch2/torch/test/int8_roi_align_op_test" to "$ORIGIN:/usr/local/cuda/lib64:/data/users/chourdiaanjali/miniconda3/envs/myenv2/lib"
-- Set runtime path of "/home/chourdiaanjali/pytorch2/torch/test/backend_cutting_test" to "$ORIGIN:/usr/local/cuda/lib64:/data/users/chourdiaanjali/miniconda3/envs/myenv2/lib"
-- Set runtime path of "/home/chourdiaanjali/pytorch2/torch/test/bound_shape_inference_test" to "$ORIGIN:/usr/local/cuda/lib64:/data/users/chourdiaanjali/miniconda3/envs/myenv2/lib"
-- Set runtime path of "/home/chourdiaanjali/pytorch2/torch/test/converter_nomigraph_test" to "$ORIGIN:/usr/local/cuda/lib64:/data/users/chourdiaanjali/miniconda3/envs/myenv2/lib"
-- Set runtime path of "/home/chourdiaanjali/pytorch2/torch/test/dead_code_elim_test" to "$ORIGIN:/usr/local/cuda/lib64:/data/users/chourdiaanjali/miniconda3/envs/myenv2/lib"
-- Set runtime path of "/home/chourdiaanjali/pytorch2/torch/test/device_test" to "$ORIGIN:/usr/local/cuda/lib64:/data/users/chourdiaanjali/miniconda3/envs/myenv2/lib"
-- Set runtime path of "/home/chourdiaanjali/pytorch2/torch/test/distributed_test" to "$ORIGIN:/usr/local/cuda/lib64:/data/users/chourdiaanjali/miniconda3/envs/myenv2/lib"
-- Set runtime path of "/home/chourdiaanjali/pytorch2/torch/test/mobile_test" to "$ORIGIN:/usr/local/cuda/lib64:/data/users/chourdiaanjali/miniconda3/envs/myenv2/lib"
-- Set runtime path of "/home/chourdiaanjali/pytorch2/torch/test/split_slss_test" to "$ORIGIN:/usr/local/cuda/lib64:/data/users/chourdiaanjali/miniconda3/envs/myenv2/lib"
-- Set runtime path of "/home/chourdiaanjali/pytorch2/torch/test/depthwise3x3_conv_op_test" to "$ORIGIN:/usr/local/cuda/lib64:/data/users/chourdiaanjali/miniconda3/envs/myenv2/lib"
-- Set runtime path of "/home/chourdiaanjali/pytorch2/torch/test/common_subexpression_elimination_test" to "$ORIGIN:/usr/local/cuda/lib64:/data/users/chourdiaanjali/miniconda3/envs/myenv2/lib"
-- Set runtime path of "/home/chourdiaanjali/pytorch2/torch/test/conv_to_nnpack_transform_test" to "$ORIGIN:/usr/local/cuda/lib64:/data/users/chourdiaanjali/miniconda3/envs/myenv2/lib"
-- Set runtime path of "/home/chourdiaanjali/pytorch2/torch/test/pattern_net_transform_test" to "$ORIGIN:/usr/local/cuda/lib64:/data/users/chourdiaanjali/miniconda3/envs/myenv2/lib"
-- Set runtime path of "/home/chourdiaanjali/pytorch2/torch/test/cuda_complex_test" to "$ORIGIN:/usr/local/cuda/lib64:/data/users/chourdiaanjali/miniconda3/envs/myenv2/lib"
-- Set runtime path of "/home/chourdiaanjali/pytorch2/torch/test/cuda_integer_divider_test" to "$ORIGIN:/usr/local/cuda/lib64:/data/users/chourdiaanjali/miniconda3/envs/myenv2/lib"
-- Set runtime path of "/home/chourdiaanjali/pytorch2/torch/test/cuda_apply_test" to "$ORIGIN:/usr/local/cuda/lib64:/data/users/chourdiaanjali/miniconda3/envs/myenv2/lib"
-- Set runtime path of "/home/chourdiaanjali/pytorch2/torch/test/cuda_stream_test" to "$ORIGIN:/usr/local/cuda/lib64:/data/users/chourdiaanjali/miniconda3/envs/myenv2/lib"
-- Set runtime path of "/home/chourdiaanjali/pytorch2/torch/test/cuda_half_test" to "$ORIGIN:/usr/local/cuda/lib64:/data/users/chourdiaanjali/miniconda3/envs/myenv2/lib"
-- Set runtime path of "/home/chourdiaanjali/pytorch2/torch/test/cuda_distributions_test" to "$ORIGIN:/usr/local/cuda/lib64:/data/users/chourdiaanjali/miniconda3/envs/myenv2/lib"
-- Set runtime path of "/home/chourdiaanjali/pytorch2/torch/test/cuda_optional_test" to "$ORIGIN:/usr/local/cuda/lib64:/data/users/chourdiaanjali/miniconda3/envs/myenv2/lib"
-- Set runtime path of "/home/chourdiaanjali/pytorch2/torch/test/cuda_packedtensoraccessor_test" to "$ORIGIN:/usr/local/cuda/lib64:/data/users/chourdiaanjali/miniconda3/envs/myenv2/lib"
-- Set runtime path of "/home/chourdiaanjali/pytorch2/torch/test/cuda_tensor_interop_test" to "$ORIGIN:/usr/local/cuda/lib64:/data/users/chourdiaanjali/miniconda3/envs/myenv2/lib"
-- Set runtime path of "/home/chourdiaanjali/pytorch2/torch/test/cuda_vectorized_test" to "$ORIGIN:/usr/local/cuda/lib64:/data/users/chourdiaanjali/miniconda3/envs/myenv2/lib"
-- Set runtime path of "/home/chourdiaanjali/pytorch2/torch/test/cuda_generator_test" to "$ORIGIN:/usr/local/cuda/lib64:/data/users/chourdiaanjali/miniconda3/envs/myenv2/lib"
-- Set runtime path of "/home/chourdiaanjali/pytorch2/torch/test/cuda_cudnn_test" to "$ORIGIN:/usr/local/cuda/lib64:/data/users/chourdiaanjali/miniconda3/envs/myenv2/lib"
-- Set runtime path of "/home/chourdiaanjali/pytorch2/torch/test/blob_gpu_test" to "$ORIGIN:/usr/local/cuda/lib64:/data/users/chourdiaanjali/miniconda3/envs/myenv2/lib"
-- Set runtime path of "/home/chourdiaanjali/pytorch2/torch/test/context_gpu_test" to "$ORIGIN:/usr/local/cuda/lib64:/data/users/chourdiaanjali/miniconda3/envs/myenv2/lib"
-- Set runtime path of "/home/chourdiaanjali/pytorch2/torch/test/event_gpu_test" to "$ORIGIN:/usr/local/cuda/lib64:/data/users/chourdiaanjali/miniconda3/envs/myenv2/lib"
-- Set runtime path of "/home/chourdiaanjali/pytorch2/torch/test/net_gpu_test" to "$ORIGIN:/usr/local/cuda/lib64:/data/users/chourdiaanjali/miniconda3/envs/myenv2/lib"
-- Set runtime path of "/home/chourdiaanjali/pytorch2/torch/test/operator_gpu_test" to "$ORIGIN:/usr/local/cuda/lib64:/data/users/chourdiaanjali/miniconda3/envs/myenv2/lib"
-- Set runtime path of "/home/chourdiaanjali/pytorch2/torch/test/math_gpu_test" to "$ORIGIN:/usr/local/cuda/lib64:/data/users/chourdiaanjali/miniconda3/envs/myenv2/lib"
-- Set runtime path of "/home/chourdiaanjali/pytorch2/torch/test/conv_op_cache_cudnn_test" to "$ORIGIN:/usr/local/cuda/lib64:/data/users/chourdiaanjali/miniconda3/envs/myenv2/lib"
-- Set runtime path of "/home/chourdiaanjali/pytorch2/torch/test/batch_matmul_op_gpu_test" to "$ORIGIN:/usr/local/cuda/lib64:/data/users/chourdiaanjali/miniconda3/envs/myenv2/lib"
-- Set runtime path of "/home/chourdiaanjali/pytorch2/torch/test/batch_permutation_op_gpu_test" to "$ORIGIN:/usr/local/cuda/lib64:/data/users/chourdiaanjali/miniconda3/envs/myenv2/lib"
-- Set runtime path of "/home/chourdiaanjali/pytorch2/torch/test/elementwise_op_gpu_test" to "$ORIGIN:/usr/local/cuda/lib64:/data/users/chourdiaanjali/miniconda3/envs/myenv2/lib"
-- Set runtime path of "/home/chourdiaanjali/pytorch2/torch/test/generate_proposals_op_gpu_test" to "$ORIGIN:/usr/local/cuda/lib64:/data/users/chourdiaanjali/miniconda3/envs/myenv2/lib"
-- Set runtime path of "/home/chourdiaanjali/pytorch2/torch/test/generate_proposals_op_util_nms_gpu_test" to "$ORIGIN:/usr/local/cuda/lib64:/data/users/chourdiaanjali/miniconda3/envs/myenv2/lib"
-- Set runtime path of "/home/chourdiaanjali/pytorch2/torch/test/operator_fallback_gpu_test" to "$ORIGIN:/usr/local/cuda/lib64:/data/users/chourdiaanjali/miniconda3/envs/myenv2/lib"
-- Set runtime path of "/home/chourdiaanjali/pytorch2/torch/test/reshape_op_gpu_test" to "$ORIGIN:/usr/local/cuda/lib64:/data/users/chourdiaanjali/miniconda3/envs/myenv2/lib"
-- Set runtime path of "/home/chourdiaanjali/pytorch2/torch/test/roi_align_op_gpu_test" to "$ORIGIN:/usr/local/cuda/lib64:/data/users/chourdiaanjali/miniconda3/envs/myenv2/lib"
-- Set runtime path of "/home/chourdiaanjali/pytorch2/torch/test/utility_ops_gpu_test" to "$ORIGIN:/usr/local/cuda/lib64:/data/users/chourdiaanjali/miniconda3/envs/myenv2/lib"
-- Set runtime path of "/home/chourdiaanjali/pytorch2/torch/lib/python3.6/site-packages/caffe2/python/caffe2_pybind11_state.cpython-36m-x86_64-linux-gnu.so" to "$ORIGIN/../../torch/lib:/usr/local/cuda/lib64:/data/users/chourdiaanjali/miniconda3/envs/myenv2/lib"
-- Set runtime path of "/home/chourdiaanjali/pytorch2/torch/lib/python3.6/site-packages/caffe2/python/caffe2_pybind11_state_gpu.cpython-36m-x86_64-linux-gnu.so" to "$ORIGIN/../../torch/lib:/usr/local/cuda/lib64:/data/users/chourdiaanjali/miniconda3/envs/myenv2/lib"
-- Set runtime path of "/home/chourdiaanjali/pytorch2/torch/bin/test_jit" to "$ORIGIN:/usr/local/cuda/lib64:/usr/local/cuda/lib64/stubs:/data/users/chourdiaanjali/miniconda3/envs/myenv2/lib"
-- Set runtime path of "/home/chourdiaanjali/pytorch2/torch/bin/test_tensorexpr" to "$ORIGIN:/usr/local/cuda/lib64:/usr/local/cuda/lib64/stubs:/data/users/chourdiaanjali/miniconda3/envs/myenv2/lib"
-- Set runtime path of "/home/chourdiaanjali/pytorch2/torch/bin/test_cpp_rpc" to "$ORIGIN:/usr/local/cuda/lib64:/usr/local/cuda/lib64/stubs:/data/users/chourdiaanjali/miniconda3/envs/myenv2/lib"
-- Set runtime path of "/home/chourdiaanjali/pytorch2/torch/bin/test_api" to "$ORIGIN:/usr/local/cuda/lib64:/usr/local/cuda/lib64/stubs:/data/users/chourdiaanjali/miniconda3/envs/myenv2/lib"
-- Set runtime path of "/home/chourdiaanjali/pytorch2/torch/bin/test_dist_autograd" to "$ORIGIN:/usr/local/cuda/lib64:/usr/local/cuda/lib64/stubs:/data/users/chourdiaanjali/miniconda3/envs/myenv2/lib"
-- Set runtime path of "/home/chourdiaanjali/pytorch2/torch/lib/libtorch_python.so" to "$ORIGIN:/usr/local/cuda/lib64:/data/users/chourdiaanjali/miniconda3/envs/myenv2/lib"
-- Set runtime path of "/home/chourdiaanjali/pytorch2/torch/lib/libshm.so" to "$ORIGIN:/usr/local/cuda/lib64:/data/users/chourdiaanjali/miniconda3/envs/myenv2/lib"
-- Set runtime path of "/home/chourdiaanjali/pytorch2/torch/bin/torch_shm_manager" to "$ORIGIN/../lib:/usr/local/cuda/lib64:/data/users/chourdiaanjali/miniconda3/envs/myenv2/lib"
-- Set runtime path of "/home/chourdiaanjali/pytorch2/torch/lib/libcaffe2_detectron_ops_gpu.so" to "$ORIGIN:/usr/local/cuda/lib64:/data/users/chourdiaanjali/miniconda3/envs/myenv2/lib"
-- Set runtime path of "/home/chourdiaanjali/pytorch2/torch/lib/libcaffe2_module_test_dynamic.so" to "$ORIGIN:/usr/local/cuda/lib64:/data/users/chourdiaanjali/miniconda3/envs/myenv2/lib"
-- Set runtime path of "/home/chourdiaanjali/pytorch2/torch/lib/libcaffe2_observers.so" to "$ORIGIN:/usr/local/cuda/lib64:/data/users/chourdiaanjali/miniconda3/envs/myenv2/lib"
Building wheel torch-1.6.0a0+9c82e86
-- Building version 1.6.0a0+9c82e86
cmake --build . --target install --config Debug -- -j 48
running develop
running egg_info
writing torch.egg-info/PKG-INFO
writing dependency_links to torch.egg-info/dependency_links.txt
writing entry points to torch.egg-info/entry_points.txt
writing requirements to torch.egg-info/requires.txt
writing top-level names to torch.egg-info/top_level.txt
reading manifest file 'torch.egg-info/SOURCES.txt'
writing manifest file 'torch.egg-info/SOURCES.txt'
running build_ext
-- Building with NumPy bindings
-- Detected cuDNN at , 
-- Detected CUDA at /usr/local/cuda
-- Not using MKLDNN
-- Building NCCL library
-- Building with distributed package 

Copying extension caffe2.python.caffe2_pybind11_state
Copying caffe2.python.caffe2_pybind11_state from torch/lib/python3.6/site-packages/caffe2/python/caffe2_pybind11_state.cpython-36m-x86_64-linux-gnu.so to /home/chourdiaanjali/pytorch2/build/lib.linux-x86_64-3.6/caffe2/python/caffe2_pybind11_state.cpython-36m-x86_64-linux-gnu.so
copying torch/lib/python3.6/site-packages/caffe2/python/caffe2_pybind11_state.cpython-36m-x86_64-linux-gnu.so -> /home/chourdiaanjali/pytorch2/build/lib.linux-x86_64-3.6/caffe2/python

Copying extension caffe2.python.caffe2_pybind11_state_gpu
Copying caffe2.python.caffe2_pybind11_state_gpu from torch/lib/python3.6/site-packages/caffe2/python/caffe2_pybind11_state_gpu.cpython-36m-x86_64-linux-gnu.so to /home/chourdiaanjali/pytorch2/build/lib.linux-x86_64-3.6/caffe2/python/caffe2_pybind11_state_gpu.cpython-36m-x86_64-linux-gnu.so
copying torch/lib/python3.6/site-packages/caffe2/python/caffe2_pybind11_state_gpu.cpython-36m-x86_64-linux-gnu.so -> /home/chourdiaanjali/pytorch2/build/lib.linux-x86_64-3.6/caffe2/python
copying build/lib.linux-x86_64-3.6/torch/_C.cpython-36m-x86_64-linux-gnu.so -> torch
copying build/lib.linux-x86_64-3.6/torch/_dl.cpython-36m-x86_64-linux-gnu.so -> torch
copying build/lib.linux-x86_64-3.6/caffe2/python/caffe2_pybind11_state.cpython-36m-x86_64-linux-gnu.so -> caffe2/python
copying build/lib.linux-x86_64-3.6/caffe2/python/caffe2_pybind11_state_gpu.cpython-36m-x86_64-linux-gnu.so -> caffe2/python
Creating /data/users/chourdiaanjali/miniconda3/envs/myenv2/lib/python3.6/site-packages/torch.egg-link (link to .)
torch 1.6.0a0+9c82e86 is already the active version in easy-install.pth
Installing convert-caffe2-to-onnx script to /data/users/chourdiaanjali/miniconda3/envs/myenv2/bin
Installing convert-onnx-to-caffe2 script to /data/users/chourdiaanjali/miniconda3/envs/myenv2/bin

Installed /home/chourdiaanjali/pytorch2
Processing dependencies for torch==1.6.0a0+9c82e86
Searching for numpy==1.17.4
Best match: numpy 1.17.4
Adding numpy 1.17.4 to easy-install.pth file
Installing f2py script to /data/users/chourdiaanjali/miniconda3/envs/myenv2/bin
Installing f2py3 script to /data/users/chourdiaanjali/miniconda3/envs/myenv2/bin
Installing f2py3.6 script to /data/users/chourdiaanjali/miniconda3/envs/myenv2/bin

Using /data/users/chourdiaanjali/miniconda3/envs/myenv2/lib/python3.6/site-packages
Searching for future==0.18.2
Best match: future 0.18.2
Adding future 0.18.2 to easy-install.pth file
Installing futurize script to /data/users/chourdiaanjali/miniconda3/envs/myenv2/bin
Installing pasteurize script to /data/users/chourdiaanjali/miniconda3/envs/myenv2/bin

Using /data/users/chourdiaanjali/miniconda3/envs/myenv2/lib/python3.6/site-packages
Finished processing dependencies for torch==1.6.0a0+9c82e86
